../Middlewares/Third_Party/lvgl/src/misc/../stdlib/lv_string.h:65:20:lv_memzero	16	static
../Middlewares/Third_Party/lvgl/src/misc/lv_ll.h:85:20:_lv_ll_clear	16	static
../Middlewares/Third_Party/lvgl/src/misc/lv_fs.c:43:6:_lv_fs_init	8	static
../Middlewares/Third_Party/lvgl/src/misc/lv_fs.c:48:6:_lv_fs_deinit	8	static
../Middlewares/Third_Party/lvgl/src/misc/lv_fs.c:53:6:lv_fs_is_ready	24	static
../Middlewares/Third_Party/lvgl/src/misc/lv_fs.c:64:13:lv_fs_open	48	static
../Middlewares/Third_Party/lvgl/src/misc/lv_fs.c:128:6:lv_fs_make_path_from_buffer	24	static
../Middlewares/Third_Party/lvgl/src/misc/lv_fs.c:137:13:lv_fs_close	24	static
../Middlewares/Third_Party/lvgl/src/misc/lv_fs.c:165:20:lv_fs_read_cached	88	static
../Middlewares/Third_Party/lvgl/src/misc/lv_fs.c:250:13:lv_fs_read	48	static
../Middlewares/Third_Party/lvgl/src/misc/lv_fs.c:271:13:lv_fs_write	48	static
../Middlewares/Third_Party/lvgl/src/misc/lv_fs.c:301:13:lv_fs_seek	40	static
../Middlewares/Third_Party/lvgl/src/misc/lv_fs.c:356:13:lv_fs_tell	24	static
../Middlewares/Third_Party/lvgl/src/misc/lv_fs.c:380:13:lv_fs_dir_open	32	static
../Middlewares/Third_Party/lvgl/src/misc/lv_fs.c:414:13:lv_fs_dir_read	40	static
../Middlewares/Third_Party/lvgl/src/misc/lv_fs.c:435:13:lv_fs_dir_close	24	static
../Middlewares/Third_Party/lvgl/src/misc/lv_fs.c:453:6:lv_fs_drv_init	16	static
../Middlewares/Third_Party/lvgl/src/misc/lv_fs.c:458:6:lv_fs_drv_register	24	static
../Middlewares/Third_Party/lvgl/src/misc/lv_fs.c:469:15:lv_fs_get_drv	24	static
../Middlewares/Third_Party/lvgl/src/misc/lv_fs.c:482:8:lv_fs_get_letters	24	static
../Middlewares/Third_Party/lvgl/src/misc/lv_fs.c:497:14:lv_fs_get_ext	24	static
../Middlewares/Third_Party/lvgl/src/misc/lv_fs.c:512:8:lv_fs_up	24	static
../Middlewares/Third_Party/lvgl/src/misc/lv_fs.c:538:14:lv_fs_get_last	24	static
../Middlewares/Third_Party/lvgl/src/misc/lv_fs.c:572:21:lv_fs_get_real_path	16	static
