../Middlewares/Third_Party/lvgl/examples/widgets/table/../../../src/core/../misc/../font/../draw/../misc/lv_color.h:286:26:lv_color_make	24	static
../Middlewares/Third_Party/lvgl/examples/widgets/table/../../../src/core/../misc/../font/../draw/../misc/lv_color.h:413:26:lv_color_white	16	static
../Middlewares/Third_Party/lvgl/examples/widgets/table/../../../src/core/../display/lv_display.h:392:26:lv_screen_active	8	static
../Middlewares/Third_Party/lvgl/examples/widgets/table/lv_example_table_2.c:6:13:draw_event_cb	184	static
../Middlewares/Third_Party/lvgl/examples/widgets/table/lv_example_table_2.c:46:13:change_event_cb	32	static
../Middlewares/Third_Party/lvgl/examples/widgets/table/lv_example_table_2.c:60:6:lv_example_table_2	96	static
