Archive member included to satisfy reference by file (symbol)

C:/ST/STM32CubeIDE_1.15.1/STM32CubeIDE/plugins/com.st.stm32cube.ide.mcu.externaltools.gnu-tools-for-stm32.12.3.rel1.win32_1.0.200.202406191623/tools/bin/../lib/gcc/arm-none-eabi/12.3.1/../../../../arm-none-eabi/lib/thumb/v7e-m+fp/hard\libc_nano.a(libc_a-exit.o)
                              C:/ST/STM32CubeIDE_1.15.1/STM32CubeIDE/plugins/com.st.stm32cube.ide.mcu.externaltools.gnu-tools-for-stm32.12.3.rel1.win32_1.0.200.202406191623/tools/bin/../lib/gcc/arm-none-eabi/12.3.1/../../../../arm-none-eabi/lib/thumb/v7e-m+fp/hard/crt0.o (exit)
C:/ST/STM32CubeIDE_1.15.1/STM32CubeIDE/plugins/com.st.stm32cube.ide.mcu.externaltools.gnu-tools-for-stm32.12.3.rel1.win32_1.0.200.202406191623/tools/bin/../lib/gcc/arm-none-eabi/12.3.1/../../../../arm-none-eabi/lib/thumb/v7e-m+fp/hard\libc_nano.a(libc_a-fflush.o)
                              ./Application/Src/task_handling.o (fflush)
C:/ST/STM32CubeIDE_1.15.1/STM32CubeIDE/plugins/com.st.stm32cube.ide.mcu.externaltools.gnu-tools-for-stm32.12.3.rel1.win32_1.0.200.202406191623/tools/bin/../lib/gcc/arm-none-eabi/12.3.1/../../../../arm-none-eabi/lib/thumb/v7e-m+fp/hard\libc_nano.a(libc_a-findfp.o)
                              ./Middlewares/Third_Party/FreeRTOS/Source/tasks.o (__sf)
C:/ST/STM32CubeIDE_1.15.1/STM32CubeIDE/plugins/com.st.stm32cube.ide.mcu.externaltools.gnu-tools-for-stm32.12.3.rel1.win32_1.0.200.202406191623/tools/bin/../lib/gcc/arm-none-eabi/12.3.1/../../../../arm-none-eabi/lib/thumb/v7e-m+fp/hard\libc_nano.a(libc_a-fwalk.o)
                              C:/ST/STM32CubeIDE_1.15.1/STM32CubeIDE/plugins/com.st.stm32cube.ide.mcu.externaltools.gnu-tools-for-stm32.12.3.rel1.win32_1.0.200.202406191623/tools/bin/../lib/gcc/arm-none-eabi/12.3.1/../../../../arm-none-eabi/lib/thumb/v7e-m+fp/hard\libc_nano.a(libc_a-fflush.o) (_fwalk_sglue)
C:/ST/STM32CubeIDE_1.15.1/STM32CubeIDE/plugins/com.st.stm32cube.ide.mcu.externaltools.gnu-tools-for-stm32.12.3.rel1.win32_1.0.200.202406191623/tools/bin/../lib/gcc/arm-none-eabi/12.3.1/../../../../arm-none-eabi/lib/thumb/v7e-m+fp/hard\libc_nano.a(libc_a-printf.o)
                              ./Application/Src/task_handling.o (printf)
C:/ST/STM32CubeIDE_1.15.1/STM32CubeIDE/plugins/com.st.stm32cube.ide.mcu.externaltools.gnu-tools-for-stm32.12.3.rel1.win32_1.0.200.202406191623/tools/bin/../lib/gcc/arm-none-eabi/12.3.1/../../../../arm-none-eabi/lib/thumb/v7e-m+fp/hard\libc_nano.a(libc_a-puts.o)
                              ./Core/Src/main.o (puts)
C:/ST/STM32CubeIDE_1.15.1/STM32CubeIDE/plugins/com.st.stm32cube.ide.mcu.externaltools.gnu-tools-for-stm32.12.3.rel1.win32_1.0.200.202406191623/tools/bin/../lib/gcc/arm-none-eabi/12.3.1/../../../../arm-none-eabi/lib/thumb/v7e-m+fp/hard\libc_nano.a(libc_a-snprintf.o)
                              ./Application/Src/task_handling.o (snprintf)
C:/ST/STM32CubeIDE_1.15.1/STM32CubeIDE/plugins/com.st.stm32cube.ide.mcu.externaltools.gnu-tools-for-stm32.12.3.rel1.win32_1.0.200.202406191623/tools/bin/../lib/gcc/arm-none-eabi/12.3.1/../../../../arm-none-eabi/lib/thumb/v7e-m+fp/hard\libc_nano.a(libc_a-stdio.o)
                              C:/ST/STM32CubeIDE_1.15.1/STM32CubeIDE/plugins/com.st.stm32cube.ide.mcu.externaltools.gnu-tools-for-stm32.12.3.rel1.win32_1.0.200.202406191623/tools/bin/../lib/gcc/arm-none-eabi/12.3.1/../../../../arm-none-eabi/lib/thumb/v7e-m+fp/hard\libc_nano.a(libc_a-findfp.o) (__sread)
C:/ST/STM32CubeIDE_1.15.1/STM32CubeIDE/plugins/com.st.stm32cube.ide.mcu.externaltools.gnu-tools-for-stm32.12.3.rel1.win32_1.0.200.202406191623/tools/bin/../lib/gcc/arm-none-eabi/12.3.1/../../../../arm-none-eabi/lib/thumb/v7e-m+fp/hard\libc_nano.a(libc_a-wbuf.o)
                              C:/ST/STM32CubeIDE_1.15.1/STM32CubeIDE/plugins/com.st.stm32cube.ide.mcu.externaltools.gnu-tools-for-stm32.12.3.rel1.win32_1.0.200.202406191623/tools/bin/../lib/gcc/arm-none-eabi/12.3.1/../../../../arm-none-eabi/lib/thumb/v7e-m+fp/hard\libc_nano.a(libc_a-puts.o) (__swbuf_r)
C:/ST/STM32CubeIDE_1.15.1/STM32CubeIDE/plugins/com.st.stm32cube.ide.mcu.externaltools.gnu-tools-for-stm32.12.3.rel1.win32_1.0.200.202406191623/tools/bin/../lib/gcc/arm-none-eabi/12.3.1/../../../../arm-none-eabi/lib/thumb/v7e-m+fp/hard\libc_nano.a(libc_a-wsetup.o)
                              C:/ST/STM32CubeIDE_1.15.1/STM32CubeIDE/plugins/com.st.stm32cube.ide.mcu.externaltools.gnu-tools-for-stm32.12.3.rel1.win32_1.0.200.202406191623/tools/bin/../lib/gcc/arm-none-eabi/12.3.1/../../../../arm-none-eabi/lib/thumb/v7e-m+fp/hard\libc_nano.a(libc_a-puts.o) (__swsetup_r)
C:/ST/STM32CubeIDE_1.15.1/STM32CubeIDE/plugins/com.st.stm32cube.ide.mcu.externaltools.gnu-tools-for-stm32.12.3.rel1.win32_1.0.200.202406191623/tools/bin/../lib/gcc/arm-none-eabi/12.3.1/../../../../arm-none-eabi/lib/thumb/v7e-m+fp/hard\libc_nano.a(libc_a-memset.o)
[...]
Memory Configuration

Name             Origin             Length             Attributes
RAM              0x20000000         0x00050000         xrw
FLASH            0x08000000         0x00100000         xr
*default*        0x00000000         0xffffffff

Linker script and memory map

LOAD C:/ST/STM32CubeIDE_1.15.1/STM32CubeIDE/plugins/com.st.stm32cube.ide.mcu.externaltools.gnu-tools-for-stm32.12.3.rel1.win32_1.0.200.202406191623/tools/bin/../lib/gcc/arm-none-eabi/12.3.1/thumb/v7e-m+fp/hard/crti.o
LOAD C:/ST/STM32CubeIDE_1.15.1/STM32CubeIDE/plugins/com.st.stm32cube.ide.mcu.externaltools.gnu-tools-for-stm32.12.3.rel1.win32_1.0.200.202406191623/tools/bin/../lib/gcc/arm-none-eabi/12.3.1/thumb/v7e-m+fp/hard/crtbegin.o
LOAD C:/ST/STM32CubeIDE_1.15.1/STM32CubeIDE/plugins/com.st.stm32cube.ide.mcu.externaltools.gnu-tools-for-stm32.12.3.rel1.win32_1.0.200.202406191623/tools/bin/../lib/gcc/arm-none-eabi/12.3.1/../../../../arm-none-eabi/lib/thumb/v7e-m+fp/hard/crt0.o
LOAD ./Application/Src/dispatcher.o
LOAD ./Application/Src/task_handling.o
LOAD ./Core/Src/freertos.o
LOAD ./Core/Src/main.o
LOAD ./Core/Src/stm32f7xx_hal_msp.o
LOAD ./Core/Src/stm32f7xx_hal_timebase_tim.o
LOAD ./Core/Src/stm32f7xx_it.o
LOAD ./Core/Src/syscalls.o
LOAD ./Core/Src/sysmem.o
LOAD ./Core/Src/system_stm32f7xx.o
LOAD ./Core/Startup/startup_stm32f746zgtx.o
LOAD ./Drivers/STM32F7xx_HAL_Driver/Src/stm32f7xx_hal.o
LOAD ./Drivers/STM32F7xx_HAL_Driver/Src/stm32f7xx_hal_cortex.o
LOAD ./Drivers/STM32F7xx_HAL_Driver/Src/stm32f7xx_hal_dma.o
LOAD ./Drivers/STM32F7xx_HAL_Driver/Src/stm32f7xx_hal_dma2d.o
LOAD ./Drivers/STM32F7xx_HAL_Driver/Src/stm32f7xx_hal_dma_ex.o
LOAD ./Drivers/STM32F7xx_HAL_Driver/Src/stm32f7xx_hal_exti.o
LOAD ./Drivers/STM32F7xx_HAL_Driver/Src/stm32f7xx_hal_flash.o
LOAD ./Drivers/STM32F7xx_HAL_Driver/Src/stm32f7xx_hal_flash_ex.o
LOAD ./Drivers/STM32F7xx_HAL_Driver/Src/stm32f7xx_hal_gpio.o
LOAD ./Drivers/STM32F7xx_HAL_Driver/Src/stm32f7xx_hal_i2c.o
LOAD ./Drivers/STM32F7xx_HAL_Driver/Src/stm32f7xx_hal_i2c_ex.o
LOAD ./Drivers/STM32F7xx_HAL_Driver/Src/stm32f7xx_hal_pcd.o
LOAD ./Drivers/STM32F7xx_HAL_Driver/Src/stm32f7xx_hal_pcd_ex.o
LOAD ./Drivers/STM32F7xx_HAL_Driver/Src/stm32f7xx_hal_pwr.o
LOAD ./Drivers/STM32F7xx_HAL_Driver/Src/stm32f7xx_hal_pwr_ex.o
LOAD ./Drivers/STM32F7xx_HAL_Driver/Src/stm32f7xx_hal_rcc.o
LOAD ./Drivers/STM32F7xx_HAL_Driver/Src/stm32f7xx_hal_rcc_ex.o
LOAD ./Drivers/STM32F7xx_HAL_Driver/Src/stm32f7xx_hal_rng.o
LOAD ./Drivers/STM32F7xx_HAL_Driver/Src/stm32f7xx_hal_tim.o
LOAD ./Drivers/STM32F7xx_HAL_Driver/Src/stm32f7xx_hal_tim_ex.o
LOAD ./Drivers/STM32F7xx_HAL_Driver/Src/stm32f7xx_hal_uart.o
LOAD ./Drivers/STM32F7xx_HAL_Driver/Src/stm32f7xx_hal_uart_ex.o
LOAD ./Drivers/STM32F7xx_HAL_Driver/Src/stm32f7xx_ll_usb.o
LOAD ./Middlewares/Third_Party/FreeRTOS/Source/CMSIS_RTOS_V2/cmsis_os2.o
LOAD ./Middlewares/Third_Party/FreeRTOS/Source/croutine.o
LOAD ./Middlewares/Third_Party/FreeRTOS/Source/event_groups.o
LOAD ./Middlewares/Third_Party/FreeRTOS/Source/list.o
LOAD ./Middlewares/Third_Party/FreeRTOS/Source/queue.o
LOAD ./Middlewares/Third_Party/FreeRTOS/Source/stream_buffer.o
LOAD ./Middlewares/Third_Party/FreeRTOS/Source/tasks.o
LOAD ./Middlewares/Third_Party/FreeRTOS/Source/timers.o
LOAD ./Middlewares/Third_Party/FreeRTOS/Source/portable/GCC/ARM_CM7/r0p1/port.o
LOAD ./Middlewares/Third_Party/FreeRTOS/Source/portable/MemMang/heap_4.o
START GROUP
LOAD C:/ST/STM32CubeIDE_1.15.1/STM32CubeIDE/plugins/com.st.stm32cube.ide.mcu.externaltools.gnu-tools-for-stm32.12.3.rel1.win32_1.0.200.202406191623/tools/bin/../lib/gcc/arm-none-eabi/12.3.1/../../../../arm-none-eabi/lib/thumb/v7e-m+fp/hard\libc_nano.a
LOAD C:/ST/STM32CubeIDE_1.15.1/STM32CubeIDE/plugins/com.st.stm32cube.ide.mcu.externaltools.gnu-tools-for-stm32.12.3.rel1.win32_1.0.200.202406191623/tools/bin/../lib/gcc/arm-none-eabi/12.3.1/../../../../arm-none-eabi/lib/thumb/v7e-m+fp/hard\libm.a
END GROUP
START GROUP
LOAD C:/ST/STM32CubeIDE_1.15.1/STM32CubeIDE/plugins/com.st.stm32cube.ide.mcu.externaltools.gnu-tools-for-stm32.12.3.rel1.win32_1.0.200.202406191623/tools/bin/../lib/gcc/arm-none-eabi/12.3.1/thumb/v7e-m+fp/hard\libgcc.a
LOAD C:/ST/STM32CubeIDE_1.15.1/STM32CubeIDE/plugins/com.st.stm32cube.ide.mcu.externaltools.gnu-tools-for-stm32.12.3.rel1.win32_1.0.200.202406191623/tools/bin/../lib/gcc/arm-none-eabi/12.3.1/../../../../arm-none-eabi/lib/thumb/v7e-m+fp/hard\libc_nano.a
END GROUP
START GROUP
LOAD C:/ST/STM32CubeIDE_1.15.1/STM32CubeIDE/plugins/com.st.stm32cube.ide.mcu.externaltools.gnu-tools-for-stm32.12.3.rel1.win32_1.0.200.202406191623/tools/bin/../lib/gcc/arm-none-eabi/12.3.1/thumb/v7e-m+fp/hard\libgcc.a
LOAD C:/ST/STM32CubeIDE_1.15.1/STM32CubeIDE/plugins/com.st.stm32cube.ide.mcu.externaltools.gnu-tools-for-stm32.12.3.rel1.win32_1.0.200.202406191623/tools/bin/../lib/gcc/arm-none-eabi/12.3.1/../../../../arm-none-eabi/lib/thumb/v7e-m+fp/hard\libc_nano.a
LOAD C:/ST/STM32CubeIDE_1.15.1/STM32CubeIDE/plugins/com.st.stm32cube.ide.mcu.externaltools.gnu-tools-for-stm32.12.3.rel1.win32_1.0.200.202406191623/tools/bin/../lib/gcc/arm-none-eabi/12.3.1/../../../../arm-none-eabi/lib/thumb/v7e-m+fp/hard\libnosys.a
END GROUP
START GROUP
LOAD C:/ST/STM32CubeIDE_1.15.1/STM32CubeIDE/plugins/com.st.stm32cube.ide.mcu.externaltools.gnu-tools-for-stm32.12.3.rel1.win32_1.0.200.202406191623/tools/bin/../lib/gcc/arm-none-eabi/12.3.1/thumb/v7e-m+fp/hard\libgcc.a
LOAD C:/ST/STM32CubeIDE_1.15.1/STM32CubeIDE/plugins/com.st.stm32cube.ide.mcu.externaltools.gnu-tools-for-stm32.12.3.rel1.win32_1.0.200.202406191623/tools/bin/../lib/gcc/arm-none-eabi/12.3.1/../../../../arm-none-eabi/lib/thumb/v7e-m+fp/hard\libc_nano.a
LOAD C:/ST/STM32CubeIDE_1.15.1/STM32CubeIDE/plugins/com.st.stm32cube.ide.mcu.externaltools.gnu-tools-for-stm32.12.3.rel1.win32_1.0.200.202406191623/tools/bin/../lib/gcc/arm-none-eabi/12.3.1/../../../../arm-none-eabi/lib/thumb/v7e-m+fp/hard\libnosys.a
END GROUP
LOAD C:/ST/STM32CubeIDE_1.15.1/STM32CubeIDE/plugins/com.st.stm32cube.ide.mcu.externaltools.gnu-tools-for-stm32.12.3.rel1.win32_1.0.200.202406191623/tools/bin/../lib/gcc/arm-none-eabi/12.3.1/thumb/v7e-m+fp/hard/crtend.o
LOAD C:/ST/STM32CubeIDE_1.15.1/STM32CubeIDE/plugins/com.st.stm32cube.ide.mcu.externaltools.gnu-tools-for-stm32.12.3.rel1.win32_1.0.200.202406191623/tools/bin/../lib/gcc/arm-none-eabi/12.3.1/thumb/v7e-m+fp/hard/crtn.o
                0x20050000                        _estack = (ORIGIN (RAM) + LENGTH (RAM))
                0x00000200                        _Min_Heap_Size = 0x200
                0x00000400                        _Min_Stack_Size = 0x400

.isr_vector     0x08000000      0x1c8
                0x08000000                        . = ALIGN (0x4)
 *(.isr_vector)
 .isr_vector    0x08000000      0x1c8 ./Core/Startup/startup_stm32f746zgtx.o
                0x08000000                g_pfnVectors
                0x080001c8                        . = ALIGN (0x4)

.text           0x080001d0     0x9cb4
                0x080001d0                        . = ALIGN (0x4)
 *(.text)
 .text          0x080001d0       0x40 C:/ST/STM32CubeIDE_1.15.1/STM32CubeIDE/plugins/com.st.stm32cube.ide.mcu.externaltools.gnu-tools-for-stm32.12.3.rel1.win32_1.0.200.202406191623/tools/bin/../lib/gcc/arm-none-eabi/12.3.1/thumb/v7e-m+fp/hard/crtbegin.o
 .text          0x08000210       0xa0 C:/ST/STM32CubeIDE_1.15.1/STM32CubeIDE/plugins/com.st.stm32cube.ide.mcu.externaltools.gnu-tools-for-stm32.12.3.rel1.win32_1.0.200.202406191623/tools/bin/../lib/gcc/arm-none-eabi/12.3.1/../../../../arm-none-eabi/lib/thumb/v7e-m+fp/hard\libc_nano.a(libc_a-memchr.o)
                0x08000210                memchr
 .text          0x080002b0       0x30 C:/ST/STM32CubeIDE_1.15.1/STM32CubeIDE/plugins/com.st.stm32cube.ide.mcu.externaltools.gnu-tools-for-stm32.12.3.rel1.win32_1.0.200.202406191623/tools/bin/../lib/gcc/arm-none-eabi/12.3.1/thumb/v7e-m+fp/hard\libgcc.a(_aeabi_uldivmod.o)
                0x080002b0                __aeabi_uldivmod
 .text          0x080002e0      0x2bc C:/ST/STM32CubeIDE_1.15.1/STM32CubeIDE/plugins/com.st.stm32cube.ide.mcu.externaltools.gnu-tools-for-stm32.12.3.rel1.win32_1.0.200.202406191623/tools/bin/../lib/gcc/arm-none-eabi/12.3.1/thumb/v7e-m+fp/hard\libgcc.a(_udivmoddi4.o)
                0x080002e0                __udivmoddi4
 .text          0x0800059c        0x4 C:/ST/STM32CubeIDE_1.15.1/STM32CubeIDE/plugins/com.st.stm32cube.ide.mcu.externaltools.gnu-tools-for-stm32.12.3.rel1.win32_1.0.200.202406191623/tools/bin/../lib/gcc/arm-none-eabi/12.3.1/thumb/v7e-m+fp/hard\libgcc.a(_dvmd_tls.o)
                0x0800059c                __aeabi_idiv0
                0x0800059c                __aeabi_ldiv0
 *(.text*)
 .text.vDispatcherCode
                0x080005a0       0x70 ./Application/Src/dispatcher.o
                0x080005a0                vDispatcherCode
 .text.packetRouting
                0x08000610       0x88 ./Application/Src/dispatcher.o
                0x08000610                packetRouting
 .text.generateDispatcherMSG
                0x08000698      0x1c0 ./Application/Src/dispatcher.o
                0x08000698                generateDispatcherMSG
 .text.tasksManagerTask
                0x08000858      0x248 ./Application/Src/task_handling.o
                0x08000858                tasksManagerTask
 .text.vHandleCall
                0x08000aa0      0x238 ./Application/Src/task_handling.o
                0x08000aa0                vHandleCall
 .text.addCurrentRunningTask
                0x08000cd8       0x4c ./Application/Src/task_handling.o
 .text.removeCurrentRunningTask
                0x08000d24       0x4c ./Application/Src/task_handling.o
 .text.getAvailableAmbulanceTask
                0x08000d70       0x80 ./Application/Src/task_handling.o
 .text.getAvailablePoliceeTask
                0x08000df0       0x80 ./Application/Src/task_handling.o
 .text.getAvailableFireTask
                0x08000e70       0x80 ./Application/Src/task_handling.o
 .text.getAvailableCoronaTask
                0x08000ef0       0x80 ./Application/Src/task_handling.o
 .text.main     0x08000f70       0x78 ./Core/Src/main.o
                0x08000f70                main
 .text.SystemClock_Config
                0x08000fe8       0xd8 ./Core/Src/main.o
                0x08000fe8                SystemClock_Config
 .text.MX_RNG_Init
                0x080010c0       0x28 ./Core/Src/main.o
 .text.MX_TIM2_Init
                0x080010e8       0x9c ./Core/Src/main.o
 .text.MX_USART3_UART_Init
                0x08001184       0x60 ./Core/Src/main.o
 .text.MX_USB_OTG_FS_PCD_Init
                0x080011e4       0x5c ./Core/Src/main.o
 .text.MX_GPIO_Init
                0x08001240      0x1cc ./Core/Src/main.o
 .text.initTasks
                0x0800140c      0x534 ./Core/Src/main.o
                0x0800140c                initTasks
 .text.initQueues
                0x08001940       0xa0 ./Core/Src/main.o
                0x08001940                initQueues
 .text.initSemaphores
                0x080019e0       0xa8 ./Core/Src/main.o
                0x080019e0                initSemaphores
 .text.HAL_TIM_PeriodElapsedCallback
                0x08001a88       0xb0 ./Core/Src/main.o
                0x08001a88                HAL_TIM_PeriodElapsedCallback
 .text.Error_Handler
                0x08001b38        0xc ./Core/Src/main.o
                0x08001b38                Error_Handler
 .text.HAL_MspInit
                0x08001b44       0x74 ./Core/Src/stm32f7xx_hal_msp.o
                0x08001b44                HAL_MspInit
 .text.HAL_RNG_MspInit
                0x08001bb8       0x78 ./Core/Src/stm32f7xx_hal_msp.o
                0x08001bb8                HAL_RNG_MspInit
 .text.HAL_TIM_Base_MspInit
                0x08001c30       0x48 ./Core/Src/stm32f7xx_hal_msp.o
                0x08001c30                HAL_TIM_Base_MspInit
 .text.HAL_UART_MspInit
                0x08001c78       0xc0 ./Core/Src/stm32f7xx_hal_msp.o
                0x08001c78                HAL_UART_MspInit
 .text.HAL_PCD_MspInit
                0x08001d38       0xf4 ./Core/Src/stm32f7xx_hal_msp.o
                0x08001d38                HAL_PCD_MspInit
 .text.HAL_InitTick
                0x08001e2c       0xf4 ./Core/Src/stm32f7xx_hal_timebase_tim.o
                0x08001e2c                HAL_InitTick
 .text.NMI_Handler
                0x08001f20        0x8 ./Core/Src/stm32f7xx_it.o
                0x08001f20                NMI_Handler
 .text.HardFault_Handler
                0x08001f28        0x8 ./Core/Src/stm32f7xx_it.o
                0x08001f28                HardFault_Handler
 .text.MemManage_Handler
                0x08001f30        0x8 ./Core/Src/stm32f7xx_it.o
                0x08001f30                MemManage_Handler
 .text.BusFault_Handler
                0x08001f38        0x8 ./Core/Src/stm32f7xx_it.o
                0x08001f38                BusFault_Handler
 .text.UsageFault_Handler
                0x08001f40        0x8 ./Core/Src/stm32f7xx_it.o
                0x08001f40                UsageFault_Handler
 .text.DebugMon_Handler
                0x08001f48        0xe ./Core/Src/stm32f7xx_it.o
                0x08001f48                DebugMon_Handler
 *fill*         0x08001f56        0x2 
 .text.TIM2_IRQHandler
                0x08001f58       0x14 ./Core/Src/stm32f7xx_it.o
                0x08001f58                TIM2_IRQHandler
 .text.TIM6_DAC_IRQHandler
                0x08001f6c       0x14 ./Core/Src/stm32f7xx_it.o
                0x08001f6c                TIM6_DAC_IRQHandler
 .text.RNG_IRQHandler
                0x08001f80       0x14 ./Core/Src/stm32f7xx_it.o
                0x08001f80                RNG_IRQHandler
 .text.ITM_SendChar
                0x08001f94       0x50 ./Core/Src/syscalls.o
                0x08001f94                ITM_SendChar
 .text._read    0x08001fe4       0x3a ./Core/Src/syscalls.o
                0x08001fe4                _read
 .text._write   0x0800201e       0x38 ./Core/Src/syscalls.o
                0x0800201e                _write
 .text._close   0x08002056       0x18 ./Core/Src/syscalls.o
                0x08002056                _close
 .text._fstat   0x0800206e       0x20 ./Core/Src/syscalls.o
                0x0800206e                _fstat
 .text._isatty  0x0800208e       0x16 ./Core/Src/syscalls.o
                0x0800208e                _isatty
 .text._lseek   0x080020a4       0x1a ./Core/Src/syscalls.o
                0x080020a4                _lseek
 *fill*         0x080020be        0x2 
 .text._sbrk    0x080020c0       0x6c ./Core/Src/sysmem.o
                0x080020c0                _sbrk
 .text.SystemInit
                0x0800212c       0x24 ./Core/Src/system_stm32f7xx.o
                0x0800212c                SystemInit
 .text.Reset_Handler
                0x08002150       0x50 ./Core/Startup/startup_stm32f746zgtx.o
                0x08002150                Reset_Handler
 .text.Default_Handler
                0x080021a0        0x2 ./Core/Startup/startup_stm32f746zgtx.o
                0x080021a0                RTC_Alarm_IRQHandler
                0x080021a0                EXTI2_IRQHandler
                0x080021a0                TIM8_CC_IRQHandler
                0x080021a0                UART8_IRQHandler
                0x080021a0                SPI4_IRQHandler
                0x080021a0                TIM1_CC_IRQHandler
                0x080021a0                DMA2_Stream5_IRQHandler
                0x080021a0                DMA1_Stream5_IRQHandler
                0x080021a0                PVD_IRQHandler
                0x080021a0                TAMP_STAMP_IRQHandler
                0x080021a0                CAN2_RX1_IRQHandler
                0x080021a0                EXTI3_IRQHandler
                0x080021a0                TIM8_TRG_COM_TIM14_IRQHandler
                0x080021a0                TIM1_UP_TIM10_IRQHandler
                0x080021a0                TIM8_UP_TIM13_IRQHandler
                0x080021a0                I2C3_ER_IRQHandler
                0x080021a0                EXTI0_IRQHandler
                0x080021a0                I2C2_EV_IRQHandler
                0x080021a0                DMA1_Stream2_IRQHandler
                0x080021a0                CAN1_RX0_IRQHandler
                0x080021a0                FPU_IRQHandler
                0x080021a0                OTG_HS_WKUP_IRQHandler
                0x080021a0                LTDC_ER_IRQHandler
                0x080021a0                CAN2_SCE_IRQHandler
                0x080021a0                DMA2_Stream2_IRQHandler
                0x080021a0                SPI1_IRQHandler
                0x080021a0                TIM1_BRK_TIM9_IRQHandler
                0x080021a0                DCMI_IRQHandler
                0x080021a0                CAN2_RX0_IRQHandler
                0x080021a0                DMA2_Stream3_IRQHandler
                0x080021a0                SAI2_IRQHandler
                0x080021a0                USART6_IRQHandler
                0x080021a0                USART3_IRQHandler
                0x080021a0                CAN1_RX1_IRQHandler
                0x080021a0                UART5_IRQHandler
                0x080021a0                DMA2_Stream0_IRQHandler
                0x080021a0                TIM4_IRQHandler
                0x080021a0                QUADSPI_IRQHandler
                0x080021a0                I2C1_EV_IRQHandler
                0x080021a0                DMA1_Stream6_IRQHandler
                0x080021a0                DMA1_Stream1_IRQHandler
                0x080021a0                UART4_IRQHandler
                0x080021a0                TIM3_IRQHandler
                0x080021a0                RCC_IRQHandler
                0x080021a0                TIM8_BRK_TIM12_IRQHandler
                0x080021a0                Default_Handler
                0x080021a0                CEC_IRQHandler
                0x080021a0                EXTI15_10_IRQHandler
                0x080021a0                ADC_IRQHandler
                0x080021a0                DMA1_Stream7_IRQHandler
                0x080021a0                SPI5_IRQHandler
                0x080021a0                TIM7_IRQHandler
                0x080021a0                SDMMC1_IRQHandler
                0x080021a0                CAN2_TX_IRQHandler
                0x080021a0                TIM5_IRQHandler
                0x080021a0                DMA2_Stream7_IRQHandler
                0x080021a0                I2C3_EV_IRQHandler
                0x080021a0                EXTI9_5_IRQHandler
                0x080021a0                RTC_WKUP_IRQHandler
                0x080021a0                LTDC_IRQHandler
                0x080021a0                ETH_WKUP_IRQHandler
                0x080021a0                SPDIF_RX_IRQHandler
                0x080021a0                SPI2_IRQHandler
                0x080021a0                OTG_HS_EP1_IN_IRQHandler
                0x080021a0                DMA1_Stream0_IRQHandler
                0x080021a0                CAN1_TX_IRQHandler
                0x080021a0                EXTI4_IRQHandler
                0x080021a0                ETH_IRQHandler
                0x080021a0                OTG_HS_EP1_OUT_IRQHandler
                0x080021a0                WWDG_IRQHandler
                0x080021a0                SPI6_IRQHandler
                0x080021a0                I2C4_EV_IRQHandler
                0x080021a0                OTG_FS_WKUP_IRQHandler
                0x080021a0                TIM1_TRG_COM_TIM11_IRQHandler
                0x080021a0                OTG_HS_IRQHandler
                0x080021a0                DMA2D_IRQHandler
                0x080021a0                EXTI1_IRQHandler
                0x080021a0                UART7_IRQHandler
                0x080021a0                USART2_IRQHandler
                0x080021a0                I2C2_ER_IRQHandler
                0x080021a0                DMA2_Stream1_IRQHandler
                0x080021a0                CAN1_SCE_IRQHandler
                0x080021a0                FLASH_IRQHandler
                0x080021a0                DMA2_Stream4_IRQHandler
                0x080021a0                USART1_IRQHandler
                0x080021a0                OTG_FS_IRQHandler
                0x080021a0                SPI3_IRQHandler
                0x080021a0                DMA1_Stream4_IRQHandler
                0x080021a0                I2C1_ER_IRQHandler
                0x080021a0                FMC_IRQHandler
                0x080021a0                LPTIM1_IRQHandler
                0x080021a0                I2C4_ER_IRQHandler
                0x080021a0                DMA2_Stream6_IRQHandler
                0x080021a0                SAI1_IRQHandler
                0x080021a0                DMA1_Stream3_IRQHandler
 .text.HAL_Init
                0x080021a2       0x1a ./Drivers/STM32F7xx_HAL_Driver/Src/stm32f7xx_hal.o
                0x080021a2                HAL_Init
 .text.HAL_IncTick
                0x080021bc       0x28 ./Drivers/STM32F7xx_HAL_Driver/Src/stm32f7xx_hal.o
                0x080021bc                HAL_IncTick
 .text.HAL_GetTick
                0x080021e4       0x18 ./Drivers/STM32F7xx_HAL_Driver/Src/stm32f7xx_hal.o
                0x080021e4                HAL_GetTick
 .text.HAL_Delay
                0x080021fc       0x48 ./Drivers/STM32F7xx_HAL_Driver/Src/stm32f7xx_hal.o
                0x080021fc                HAL_Delay
 .text.__NVIC_SetPriorityGrouping
                0x08002244       0x48 ./Drivers/STM32F7xx_HAL_Driver/Src/stm32f7xx_hal_cortex.o
 .text.__NVIC_GetPriorityGrouping
                0x0800228c       0x1c ./Drivers/STM32F7xx_HAL_Driver/Src/stm32f7xx_hal_cortex.o
 .text.__NVIC_EnableIRQ
                0x080022a8       0x3c ./Drivers/STM32F7xx_HAL_Driver/Src/stm32f7xx_hal_cortex.o
 .text.__NVIC_SetPriority
                0x080022e4       0x54 ./Drivers/STM32F7xx_HAL_Driver/Src/stm32f7xx_hal_cortex.o
 .text.NVIC_EncodePriority
                0x08002338       0x66 ./Drivers/STM32F7xx_HAL_Driver/Src/stm32f7xx_hal_cortex.o
 .text.HAL_NVIC_SetPriorityGrouping
                0x0800239e       0x16 ./Drivers/STM32F7xx_HAL_Driver/Src/stm32f7xx_hal_cortex.o
                0x0800239e                HAL_NVIC_SetPriorityGrouping
 .text.HAL_NVIC_SetPriority
                0x080023b4       0x38 ./Drivers/STM32F7xx_HAL_Driver/Src/stm32f7xx_hal_cortex.o
                0x080023b4                HAL_NVIC_SetPriority
 .text.HAL_NVIC_EnableIRQ
                0x080023ec       0x1c ./Drivers/STM32F7xx_HAL_Driver/Src/stm32f7xx_hal_cortex.o
                0x080023ec                HAL_NVIC_EnableIRQ
 .text.HAL_GPIO_Init
                0x08002408      0x358 ./Drivers/STM32F7xx_HAL_Driver/Src/stm32f7xx_hal_gpio.o
                0x08002408                HAL_GPIO_Init
 .text.HAL_GPIO_WritePin
                0x08002760       0x32 ./Drivers/STM32F7xx_HAL_Driver/Src/stm32f7xx_hal_gpio.o
                0x08002760                HAL_GPIO_WritePin
 .text.HAL_PCD_Init
                0x08002792      0x22c ./Drivers/STM32F7xx_HAL_Driver/Src/stm32f7xx_hal_pcd.o
                0x08002792                HAL_PCD_Init
 *fill*         0x080029be        0x2 
 .text.HAL_PCDEx_ActivateLPM
                0x080029c0       0x48 ./Drivers/STM32F7xx_HAL_Driver/Src/stm32f7xx_hal_pcd_ex.o
                0x080029c0                HAL_PCDEx_ActivateLPM
 .text.HAL_PWREx_EnableOverDrive
                0x08002a08       0xa0 ./Drivers/STM32F7xx_HAL_Driver/Src/stm32f7xx_hal_pwr_ex.o
                0x08002a08                HAL_PWREx_EnableOverDrive
 .text.HAL_RCC_OscConfig
                0x08002aa8      0x548 ./Drivers/STM32F7xx_HAL_Driver/Src/stm32f7xx_hal_rcc.o
                0x08002aa8                HAL_RCC_OscConfig
 .text.HAL_RCC_ClockConfig
                0x08002ff0      0x1d8 ./Drivers/STM32F7xx_HAL_Driver/Src/stm32f7xx_hal_rcc.o
                0x08002ff0                HAL_RCC_ClockConfig
 .text.HAL_RCC_GetSysClockFreq
                0x080031c8      0x20c ./Drivers/STM32F7xx_HAL_Driver/Src/stm32f7xx_hal_rcc.o
                0x080031c8                HAL_RCC_GetSysClockFreq
 .text.HAL_RCC_GetHCLKFreq
                0x080033d4       0x18 ./Drivers/STM32F7xx_HAL_Driver/Src/stm32f7xx_hal_rcc.o
                0x080033d4                HAL_RCC_GetHCLKFreq
 .text.HAL_RCC_GetPCLK1Freq
                0x080033ec       0x28 ./Drivers/STM32F7xx_HAL_Driver/Src/stm32f7xx_hal_rcc.o
                0x080033ec                HAL_RCC_GetPCLK1Freq
 .text.HAL_RCC_GetPCLK2Freq
                0x08003414       0x28 ./Drivers/STM32F7xx_HAL_Driver/Src/stm32f7xx_hal_rcc.o
                0x08003414                HAL_RCC_GetPCLK2Freq
 .text.HAL_RCC_GetClockConfig
                0x0800343c       0x64 ./Drivers/STM32F7xx_HAL_Driver/Src/stm32f7xx_hal_rcc.o
                0x0800343c                HAL_RCC_GetClockConfig
 .text.HAL_RCCEx_PeriphCLKConfig
                0x080034a0      0x7e0 ./Drivers/STM32F7xx_HAL_Driver/Src/stm32f7xx_hal_rcc_ex.o
                0x080034a0                HAL_RCCEx_PeriphCLKConfig
 .text.HAL_RNG_Init
                0x08003c80       0x54 ./Drivers/STM32F7xx_HAL_Driver/Src/stm32f7xx_hal_rng.o
                0x08003c80                HAL_RNG_Init
 .text.HAL_RNG_GenerateRandomNumber
                0x08003cd4       0xac ./Drivers/STM32F7xx_HAL_Driver/Src/stm32f7xx_hal_rng.o
                0x08003cd4                HAL_RNG_GenerateRandomNumber
 .text.HAL_RNG_IRQHandler
                0x08003d80       0xa8 ./Drivers/STM32F7xx_HAL_Driver/Src/stm32f7xx_hal_rng.o
                0x08003d80                HAL_RNG_IRQHandler
 .text.HAL_RNG_ReadyDataCallback
                0x08003e28       0x16 ./Drivers/STM32F7xx_HAL_Driver/Src/stm32f7xx_hal_rng.o
                0x08003e28                HAL_RNG_ReadyDataCallback
 .text.HAL_RNG_ErrorCallback
                0x08003e3e       0x14 ./Drivers/STM32F7xx_HAL_Driver/Src/stm32f7xx_hal_rng.o
                0x08003e3e                HAL_RNG_ErrorCallback
 .text.HAL_TIM_Base_Init
                0x08003e52       0xae ./Drivers/STM32F7xx_HAL_Driver/Src/stm32f7xx_hal_tim.o
                0x08003e52                HAL_TIM_Base_Init
 .text.HAL_TIM_Base_Start_IT
                0x08003f00       0xf0 ./Drivers/STM32F7xx_HAL_Driver/Src/stm32f7xx_hal_tim.o
                0x08003f00                HAL_TIM_Base_Start_IT
 .text.HAL_TIM_IRQHandler
                0x08003ff0      0x20e ./Drivers/STM32F7xx_HAL_Driver/Src/stm32f7xx_hal_tim.o
                0x08003ff0                HAL_TIM_IRQHandler
 *fill*         0x080041fe        0x2 
 .text.HAL_TIM_ConfigClockSource
                0x08004200      0x194 ./Drivers/STM32F7xx_HAL_Driver/Src/stm32f7xx_hal_tim.o
                0x08004200                HAL_TIM_ConfigClockSource
 .text.HAL_TIM_OC_DelayElapsedCallback
                0x08004394       0x14 ./Drivers/STM32F7xx_HAL_Driver/Src/stm32f7xx_hal_tim.o
                0x08004394                HAL_TIM_OC_DelayElapsedCallback
 .text.HAL_TIM_IC_CaptureCallback
                0x080043a8       0x14 ./Drivers/STM32F7xx_HAL_Driver/Src/stm32f7xx_hal_tim.o
                0x080043a8                HAL_TIM_IC_CaptureCallback
 .text.HAL_TIM_PWM_PulseFinishedCallback
                0x080043bc       0x14 ./Drivers/STM32F7xx_HAL_Driver/Src/stm32f7xx_hal_tim.o
                0x080043bc                HAL_TIM_PWM_PulseFinishedCallback
 .text.HAL_TIM_TriggerCallback
                0x080043d0       0x14 ./Drivers/STM32F7xx_HAL_Driver/Src/stm32f7xx_hal_tim.o
                0x080043d0                HAL_TIM_TriggerCallback
 .text.TIM_Base_SetConfig
                0x080043e4      0x158 ./Drivers/STM32F7xx_HAL_Driver/Src/stm32f7xx_hal_tim.o
                0x080043e4                TIM_Base_SetConfig
 .text.TIM_TI1_ConfigInputStage
                0x0800453c       0x5e ./Drivers/STM32F7xx_HAL_Driver/Src/stm32f7xx_hal_tim.o
 .text.TIM_TI2_ConfigInputStage
                0x0800459a       0x60 ./Drivers/STM32F7xx_HAL_Driver/Src/stm32f7xx_hal_tim.o
 .text.TIM_ITRx_SetConfig
                0x080045fa       0x36 ./Drivers/STM32F7xx_HAL_Driver/Src/stm32f7xx_hal_tim.o
 .text.TIM_ETR_SetConfig
                0x08004630       0x40 ./Drivers/STM32F7xx_HAL_Driver/Src/stm32f7xx_hal_tim.o
                0x08004630                TIM_ETR_SetConfig
 .text.HAL_TIMEx_MasterConfigSynchronization
                0x08004670      0x11c ./Drivers/STM32F7xx_HAL_Driver/Src/stm32f7xx_hal_tim_ex.o
                0x08004670                HAL_TIMEx_MasterConfigSynchronization
 .text.HAL_TIMEx_CommutCallback
                0x0800478c       0x14 ./Drivers/STM32F7xx_HAL_Driver/Src/stm32f7xx_hal_tim_ex.o
                0x0800478c                HAL_TIMEx_CommutCallback
 .text.HAL_TIMEx_BreakCallback
                0x080047a0       0x14 ./Drivers/STM32F7xx_HAL_Driver/Src/stm32f7xx_hal_tim_ex.o
                0x080047a0                HAL_TIMEx_BreakCallback
 .text.HAL_TIMEx_Break2Callback
                0x080047b4       0x14 ./Drivers/STM32F7xx_HAL_Driver/Src/stm32f7xx_hal_tim_ex.o
                0x080047b4                HAL_TIMEx_Break2Callback
 .text.HAL_UART_Init
                0x080047c8       0x9c ./Drivers/STM32F7xx_HAL_Driver/Src/stm32f7xx_hal_uart.o
                0x080047c8                HAL_UART_Init
 .text.UART_SetConfig
                0x08004864      0x4c8 ./Drivers/STM32F7xx_HAL_Driver/Src/stm32f7xx_hal_uart.o
                0x08004864                UART_SetConfig
 .text.UART_AdvFeatureConfig
                0x08004d2c      0x144 ./Drivers/STM32F7xx_HAL_Driver/Src/stm32f7xx_hal_uart.o
                0x08004d2c                UART_AdvFeatureConfig
 .text.UART_CheckIdleState
                0x08004e70       0xae ./Drivers/STM32F7xx_HAL_Driver/Src/stm32f7xx_hal_uart.o
                0x08004e70                UART_CheckIdleState
 .text.UART_WaitOnFlagUntilTimeout
                0x08004f1e       0xda ./Drivers/STM32F7xx_HAL_Driver/Src/stm32f7xx_hal_uart.o
                0x08004f1e                UART_WaitOnFlagUntilTimeout
 .text.UART_EndRxTransfer
                0x08004ff8       0xc8 ./Drivers/STM32F7xx_HAL_Driver/Src/stm32f7xx_hal_uart.o
 .text.USB_CoreInit
                0x080050c0       0xb4 ./Drivers/STM32F7xx_HAL_Driver/Src/stm32f7xx_ll_usb.o
                0x080050c0                USB_CoreInit
 .text.USB_DisableGlobalInt
                0x08005174       0x22 ./Drivers/STM32F7xx_HAL_Driver/Src/stm32f7xx_ll_usb.o
                0x08005174                USB_DisableGlobalInt
 .text.USB_SetCurrentMode
                0x08005196       0x98 ./Drivers/STM32F7xx_HAL_Driver/Src/stm32f7xx_ll_usb.o
                0x08005196                USB_SetCurrentMode
 *fill*         0x0800522e        0x2 
 .text.USB_DevInit
                0x08005230      0x2bc ./Drivers/STM32F7xx_HAL_Driver/Src/stm32f7xx_ll_usb.o
                0x08005230                USB_DevInit
 .text.USB_FlushTxFifo
                0x080054ec       0x64 ./Drivers/STM32F7xx_HAL_Driver/Src/stm32f7xx_ll_usb.o
                0x080054ec                USB_FlushTxFifo
 .text.USB_FlushRxFifo
                0x08005550       0x5c ./Drivers/STM32F7xx_HAL_Driver/Src/stm32f7xx_ll_usb.o
                0x08005550                USB_FlushRxFifo
 .text.USB_SetDevSpeed
                0x080055ac       0x32 ./Drivers/STM32F7xx_HAL_Driver/Src/stm32f7xx_ll_usb.o
                0x080055ac                USB_SetDevSpeed
 .text.USB_DevDisconnect
                0x080055de       0x42 ./Drivers/STM32F7xx_HAL_Driver/Src/stm32f7xx_ll_usb.o
                0x080055de                USB_DevDisconnect
 .text.USB_GetMode
                0x08005620       0x1c ./Drivers/STM32F7xx_HAL_Driver/Src/stm32f7xx_ll_usb.o
                0x08005620                USB_GetMode
 .text.USB_CoreReset
                0x0800563c       0x62 ./Drivers/STM32F7xx_HAL_Driver/Src/stm32f7xx_ll_usb.o
 *fill*         0x0800569e        0x2 
 .text.vApplicationGetIdleTaskMemory
                0x080056a0       0x34 ./Middlewares/Third_Party/FreeRTOS/Source/CMSIS_RTOS_V2/cmsis_os2.o
                0x080056a0                vApplicationGetIdleTaskMemory
 .text.vApplicationGetTimerTaskMemory
                0x080056d4       0x34 ./Middlewares/Third_Party/FreeRTOS/Source/CMSIS_RTOS_V2/cmsis_os2.o
                0x080056d4                vApplicationGetTimerTaskMemory
 .text.vListInitialise
                0x08005708       0x40 ./Middlewares/Third_Party/FreeRTOS/Source/list.o
                0x08005708                vListInitialise
 .text.vListInitialiseItem
                0x08005748       0x1a ./Middlewares/Third_Party/FreeRTOS/Source/list.o
                0x08005748                vListInitialiseItem
 .text.vListInsertEnd
                0x08005762       0x48 ./Middlewares/Third_Party/FreeRTOS/Source/list.o
                0x08005762                vListInsertEnd
 .text.vListInsert
                0x080057aa       0x72 ./Middlewares/Third_Party/FreeRTOS/Source/list.o
                0x080057aa                vListInsert
 .text.uxListRemove
                0x0800581c       0x54 ./Middlewares/Third_Party/FreeRTOS/Source/list.o
                0x0800581c                uxListRemove
 .text.xQueueGenericReset
                0x08005870       0xd8 ./Middlewares/Third_Party/FreeRTOS/Source/queue.o
                0x08005870                xQueueGenericReset
 .text.xQueueGenericCreateStatic
                0x08005948      0x10e ./Middlewares/Third_Party/FreeRTOS/Source/queue.o
                0x08005948                xQueueGenericCreateStatic
 .text.xQueueGenericCreate
                0x08005a56       0x86 ./Middlewares/Third_Party/FreeRTOS/Source/queue.o
                0x08005a56                xQueueGenericCreate
 .text.prvInitialiseNewQueue
                0x08005adc       0x46 ./Middlewares/Third_Party/FreeRTOS/Source/queue.o
 .text.prvInitialiseMutex
                0x08005b22       0x34 ./Middlewares/Third_Party/FreeRTOS/Source/queue.o
 .text.xQueueCreateMutex
                0x08005b56       0x30 ./Middlewares/Third_Party/FreeRTOS/Source/queue.o
                0x08005b56                xQueueCreateMutex
 *fill*         0x08005b86        0x2 
 .text.xQueueGenericSend
                0x08005b88      0x214 ./Middlewares/Third_Party/FreeRTOS/Source/queue.o
                0x08005b88                xQueueGenericSend
 .text.xQueueGenericSendFromISR
                0x08005d9c      0x146 ./Middlewares/Third_Party/FreeRTOS/Source/queue.o
                0x08005d9c                xQueueGenericSendFromISR
 *fill*         0x08005ee2        0x2 
 .text.xQueueReceive
                0x08005ee4      0x1d0 ./Middlewares/Third_Party/FreeRTOS/Source/queue.o
                0x08005ee4                xQueueReceive
 .text.xQueueSemaphoreTake
                0x080060b4      0x230 ./Middlewares/Third_Party/FreeRTOS/Source/queue.o
                0x080060b4                xQueueSemaphoreTake
 .text.uxQueueMessagesWaiting
                0x080062e4       0x42 ./Middlewares/Third_Party/FreeRTOS/Source/queue.o
                0x080062e4                uxQueueMessagesWaiting
 .text.uxQueueMessagesWaitingFromISR
                0x08006326       0x42 ./Middlewares/Third_Party/FreeRTOS/Source/queue.o
                0x08006326                uxQueueMessagesWaitingFromISR
 .text.prvGetDisinheritPriorityAfterTimeout
                0x08006368       0x30 ./Middlewares/Third_Party/FreeRTOS/Source/queue.o
 .text.prvCopyDataToQueue
                0x08006398       0xd4 ./Middlewares/Third_Party/FreeRTOS/Source/queue.o
 .text.prvCopyDataFromQueue
                0x0800646c       0x4c ./Middlewares/Third_Party/FreeRTOS/Source/queue.o
 .text.prvUnlockQueue
                0x080064b8       0xa4 ./Middlewares/Third_Party/FreeRTOS/Source/queue.o
 .text.prvIsQueueEmpty
                0x0800655c       0x2c ./Middlewares/Third_Party/FreeRTOS/Source/queue.o
 .text.prvIsQueueFull
                0x08006588       0x30 ./Middlewares/Third_Party/FreeRTOS/Source/queue.o
 .text.vQueueAddToRegistry
                0x080065b8       0x54 ./Middlewares/Third_Party/FreeRTOS/Source/queue.o
                0x080065b8                vQueueAddToRegistry
 .text.vQueueWaitForMessageRestricted
                0x0800660c       0x68 ./Middlewares/Third_Party/FreeRTOS/Source/queue.o
                0x0800660c                vQueueWaitForMessageRestricted
 .text.xTaskCreateStatic
                0x08006674       0xcc ./Middlewares/Third_Party/FreeRTOS/Source/tasks.o
                0x08006674                xTaskCreateStatic
 .text.xTaskCreate
                0x08006740       0x8a ./Middlewares/Third_Party/FreeRTOS/Source/tasks.o
                0x08006740                xTaskCreate
 *fill*         0x080067ca        0x2 
 .text.prvInitialiseNewTask
                0x080067cc      0x154 ./Middlewares/Third_Party/FreeRTOS/Source/tasks.o
 .text.prvAddNewTaskToReadyList
                0x08006920       0xe0 ./Middlewares/Third_Party/FreeRTOS/Source/tasks.o
 .text.vTaskDelay
                0x08006a00       0x70 ./Middlewares/Third_Party/FreeRTOS/Source/tasks.o
                0x08006a00                vTaskDelay
 .text.vTaskStartScheduler
                0x08006a70       0xe8 ./Middlewares/Third_Party/FreeRTOS/Source/tasks.o
                0x08006a70                vTaskStartScheduler
 .text.vTaskSuspendAll
                0x08006b58       0x1c ./Middlewares/Third_Party/FreeRTOS/Source/tasks.o
                0x08006b58                vTaskSuspendAll
 .text.xTaskResumeAll
                0x08006b74      0x140 ./Middlewares/Third_Party/FreeRTOS/Source/tasks.o
                0x08006b74                xTaskResumeAll
 .text.xTaskGetTickCount
                0x08006cb4       0x20 ./Middlewares/Third_Party/FreeRTOS/Source/tasks.o
                0x08006cb4                xTaskGetTickCount
 .text.xTaskIncrementTick
                0x08006cd4      0x178 ./Middlewares/Third_Party/FreeRTOS/Source/tasks.o
                0x08006cd4                xTaskIncrementTick
 .text.vTaskSwitchContext
                0x08006e4c       0xd0 ./Middlewares/Third_Party/FreeRTOS/Source/tasks.o
                0x08006e4c                vTaskSwitchContext
 .text.vTaskPlaceOnEventList
                0x08006f1c       0x50 ./Middlewares/Third_Party/FreeRTOS/Source/tasks.o
                0x08006f1c                vTaskPlaceOnEventList
 .text.vTaskPlaceOnEventListRestricted
                0x08006f6c       0x5c ./Middlewares/Third_Party/FreeRTOS/Source/tasks.o
                0x08006f6c                vTaskPlaceOnEventListRestricted
 .text.xTaskRemoveFromEventList
                0x08006fc8       0xcc ./Middlewares/Third_Party/FreeRTOS/Source/tasks.o
                0x08006fc8                xTaskRemoveFromEventList
 .text.vTaskInternalSetTimeOutState
                0x08007094       0x2c ./Middlewares/Third_Party/FreeRTOS/Source/tasks.o
                0x08007094                vTaskInternalSetTimeOutState
 .text.xTaskCheckForTimeOut
                0x080070c0       0xd0 ./Middlewares/Third_Party/FreeRTOS/Source/tasks.o
                0x080070c0                xTaskCheckForTimeOut
 .text.vTaskMissedYield
                0x08007190       0x18 ./Middlewares/Third_Party/FreeRTOS/Source/tasks.o
                0x08007190                vTaskMissedYield
 .text.prvIdleTask
                0x080071a8       0x30 ./Middlewares/Third_Party/FreeRTOS/Source/tasks.o
 .text.prvInitialiseTaskLists
                0x080071d8       0x80 ./Middlewares/Third_Party/FreeRTOS/Source/tasks.o
 .text.prvCheckTasksWaitingTermination
                0x08007258       0x5c ./Middlewares/Third_Party/FreeRTOS/Source/tasks.o
 .text.prvDeleteTCB
                0x080072b4       0x6e ./Middlewares/Third_Party/FreeRTOS/Source/tasks.o
 *fill*         0x08007322        0x2 
 .text.prvResetNextTaskUnblockTime
                0x08007324       0x40 ./Middlewares/Third_Party/FreeRTOS/Source/tasks.o
 .text.xTaskGetSchedulerState
                0x08007364       0x3c ./Middlewares/Third_Party/FreeRTOS/Source/tasks.o
                0x08007364                xTaskGetSchedulerState
 .text.xTaskPriorityInherit
                0x080073a0       0xd0 ./Middlewares/Third_Party/FreeRTOS/Source/tasks.o
                0x080073a0                xTaskPriorityInherit
 .text.xTaskPriorityDisinherit
                0x08007470       0xe8 ./Middlewares/Third_Party/FreeRTOS/Source/tasks.o
                0x08007470                xTaskPriorityDisinherit
 .text.vTaskPriorityDisinheritAfterTimeout
                0x08007558      0x110 ./Middlewares/Third_Party/FreeRTOS/Source/tasks.o
                0x08007558                vTaskPriorityDisinheritAfterTimeout
 .text.pvTaskIncrementMutexHeldCount
                0x08007668       0x28 ./Middlewares/Third_Party/FreeRTOS/Source/tasks.o
                0x08007668                pvTaskIncrementMutexHeldCount
 .text.xTaskNotifyWait
                0x08007690       0xc0 ./Middlewares/Third_Party/FreeRTOS/Source/tasks.o
                0x08007690                xTaskNotifyWait
 .text.xTaskGenericNotify
                0x08007750      0x190 ./Middlewares/Third_Party/FreeRTOS/Source/tasks.o
                0x08007750                xTaskGenericNotify
 .text.xTaskGenericNotifyFromISR
                0x080078e0      0x1dc ./Middlewares/Third_Party/FreeRTOS/Source/tasks.o
                0x080078e0                xTaskGenericNotifyFromISR
 .text.prvAddCurrentTaskToDelayedList
                0x08007abc       0xa8 ./Middlewares/Third_Party/FreeRTOS/Source/tasks.o
 .text.xTimerCreateTimerTask
                0x08007b64       0x98 ./Middlewares/Third_Party/FreeRTOS/Source/timers.o
                0x08007b64                xTimerCreateTimerTask
 .text.xTimerGenericCommand
                0x08007bfc       0xa0 ./Middlewares/Third_Party/FreeRTOS/Source/timers.o
                0x08007bfc                xTimerGenericCommand
 .text.prvProcessExpiredTimer
                0x08007c9c       0xa0 ./Middlewares/Third_Party/FreeRTOS/Source/timers.o
 .text.prvTimerTask
                0x08007d3c       0x26 ./Middlewares/Third_Party/FreeRTOS/Source/timers.o
 *fill*         0x08007d62        0x2 
 .text.prvProcessTimerOrBlockTask
                0x08007d64       0x9c ./Middlewares/Third_Party/FreeRTOS/Source/timers.o
 .text.prvGetNextExpireTime
                0x08007e00       0x48 ./Middlewares/Third_Party/FreeRTOS/Source/timers.o
 .text.prvSampleTimeNow
                0x08007e48       0x40 ./Middlewares/Third_Party/FreeRTOS/Source/timers.o
 .text.prvInsertTimerInActiveList
                0x08007e88       0x84 ./Middlewares/Third_Party/FreeRTOS/Source/timers.o
 .text.prvProcessReceivedCommands
                0x08007f0c      0x1d8 ./Middlewares/Third_Party/FreeRTOS/Source/timers.o
 .text.prvSwitchTimerLists
                0x080080e4       0xd0 ./Middlewares/Third_Party/FreeRTOS/Source/timers.o
 .text.prvCheckForValidListAndQueue
                0x080081b4       0x80 ./Middlewares/Third_Party/FreeRTOS/Source/timers.o
 .text.pxPortInitialiseStack
                0x08008234       0x68 ./Middlewares/Third_Party/FreeRTOS/Source/portable/GCC/ARM_CM7/r0p1/port.o
                0x08008234                pxPortInitialiseStack
 .text.prvTaskExitError
                0x0800829c       0x64 ./Middlewares/Third_Party/FreeRTOS/Source/portable/GCC/ARM_CM7/r0p1/port.o
 .text.SVC_Handler
                0x08008300       0x28 ./Middlewares/Third_Party/FreeRTOS/Source/portable/GCC/ARM_CM7/r0p1/port.o
                0x08008300                SVC_Handler
 .text.prvPortStartFirstTask
                0x08008328       0x28 ./Middlewares/Third_Party/FreeRTOS/Source/portable/GCC/ARM_CM7/r0p1/port.o
 .text.xPortStartScheduler
                0x08008350       0xfc ./Middlewares/Third_Party/FreeRTOS/Source/portable/GCC/ARM_CM7/r0p1/port.o
                0x08008350                xPortStartScheduler
 .text.vPortEnterCritical
                0x0800844c       0x6c ./Middlewares/Third_Party/FreeRTOS/Source/portable/GCC/ARM_CM7/r0p1/port.o
                0x0800844c                vPortEnterCritical
 .text.vPortExitCritical
                0x080084b8       0x58 ./Middlewares/Third_Party/FreeRTOS/Source/portable/GCC/ARM_CM7/r0p1/port.o
                0x080084b8                vPortExitCritical
 .text.PendSV_Handler
                0x08008510       0x68 ./Middlewares/Third_Party/FreeRTOS/Source/portable/GCC/ARM_CM7/r0p1/port.o
                0x08008510                PendSV_Handler
 .text.SysTick_Handler
                0x08008578       0x48 ./Middlewares/Third_Party/FreeRTOS/Source/portable/GCC/ARM_CM7/r0p1/port.o
                0x08008578                SysTick_Handler
 .text.vPortSetupTimerInterrupt
                0x080085c0       0x48 ./Middlewares/Third_Party/FreeRTOS/Source/portable/GCC/ARM_CM7/r0p1/port.o
                0x080085c0                vPortSetupTimerInterrupt
 .text.vPortEnableVFP
                0x08008608       0x14 ./Middlewares/Third_Party/FreeRTOS/Source/portable/GCC/ARM_CM7/r0p1/port.o
 .text.vPortValidateInterruptPriority
                0x0800861c       0x8c ./Middlewares/Third_Party/FreeRTOS/Source/portable/GCC/ARM_CM7/r0p1/port.o
                0x0800861c                vPortValidateInterruptPriority
 .text.pvPortMalloc
                0x080086a8      0x19c ./Middlewares/Third_Party/FreeRTOS/Source/portable/MemMang/heap_4.o
                0x080086a8                pvPortMalloc
 .text.vPortFree
                0x08008844       0xc0 ./Middlewares/Third_Party/FreeRTOS/Source/portable/MemMang/heap_4.o
                0x08008844                vPortFree
 .text.prvHeapInit
                0x08008904       0xc8 ./Middlewares/Third_Party/FreeRTOS/Source/portable/MemMang/heap_4.o
 .text.prvInsertBlockIntoFreeList
                0x080089cc       0xb4 ./Middlewares/Third_Party/FreeRTOS/Source/portable/MemMang/heap_4.o
 .text.__sflush_r
                0x08008a80      0x108 C:/ST/STM32CubeIDE_1.15.1/STM32CubeIDE/plugins/com.st.stm32cube.ide.mcu.externaltools.gnu-tools-for-stm32.12.3.rel1.win32_1.0.200.202406191623/tools/bin/../lib/gcc/arm-none-eabi/12.3.1/../../../../arm-none-eabi/lib/thumb/v7e-m+fp/hard\libc_nano.a(libc_a-fflush.o)
                0x08008a80                __sflush_r
 .text._fflush_r
                0x08008b88       0x50 C:/ST/STM32CubeIDE_1.15.1/STM32CubeIDE/plugins/com.st.stm32cube.ide.mcu.externaltools.gnu-tools-for-stm32.12.3.rel1.win32_1.0.200.202406191623/tools/bin/../lib/gcc/arm-none-eabi/12.3.1/../../../../arm-none-eabi/lib/thumb/v7e-m+fp/hard\libc_nano.a(libc_a-fflush.o)
                0x08008b88                _fflush_r
 .text.fflush   0x08008bd8       0x28 C:/ST/STM32CubeIDE_1.15.1/STM32CubeIDE/plugins/com.st.stm32cube.ide.mcu.externaltools.gnu-tools-for-stm32.12.3.rel1.win32_1.0.200.202406191623/tools/bin/../lib/gcc/arm-none-eabi/12.3.1/../../../../arm-none-eabi/lib/thumb/v7e-m+fp/hard\libc_nano.a(libc_a-fflush.o)
                0x08008bd8                fflush
 .text.std      0x08008c00       0x6c C:/ST/STM32CubeIDE_1.15.1/STM32CubeIDE/plugins/com.st.stm32cube.ide.mcu.externaltools.gnu-tools-for-stm32.12.3.rel1.win32_1.0.200.202406191623/tools/bin/../lib/gcc/arm-none-eabi/12.3.1/../../../../arm-none-eabi/lib/thumb/v7e-m+fp/hard\libc_nano.a(libc_a-findfp.o)
 .text.stdio_exit_handler
                0x08008c6c       0x18 C:/ST/STM32CubeIDE_1.15.1/STM32CubeIDE/plugins/com.st.stm32cube.ide.mcu.externaltools.gnu-tools-for-stm32.12.3.rel1.win32_1.0.200.202406191623/tools/bin/../lib/gcc/arm-none-eabi/12.3.1/../../../../arm-none-eabi/lib/thumb/v7e-m+fp/hard\libc_nano.a(libc_a-findfp.o)
 .text.cleanup_stdio
                0x08008c84       0x40 C:/ST/STM32CubeIDE_1.15.1/STM32CubeIDE/plugins/com.st.stm32cube.ide.mcu.externaltools.gnu-tools-for-stm32.12.3.rel1.win32_1.0.200.202406191623/tools/bin/../lib/gcc/arm-none-eabi/12.3.1/../../../../arm-none-eabi/lib/thumb/v7e-m+fp/hard\libc_nano.a(libc_a-findfp.o)
 .text.global_stdio_init.part.0
                0x08008cc4       0x3c C:/ST/STM32CubeIDE_1.15.1/STM32CubeIDE/plugins/com.st.stm32cube.ide.mcu.externaltools.gnu-tools-for-stm32.12.3.rel1.win32_1.0.200.202406191623/tools/bin/../lib/gcc/arm-none-eabi/12.3.1/../../../../arm-none-eabi/lib/thumb/v7e-m+fp/hard\libc_nano.a(libc_a-findfp.o)
 .text.__sfp_lock_acquire
                0x08008d00        0xc C:/ST/STM32CubeIDE_1.15.1/STM32CubeIDE/plugins/com.st.stm32cube.ide.mcu.externaltools.gnu-tools-for-stm32.12.3.rel1.win32_1.0.200.202406191623/tools/bin/../lib/gcc/arm-none-eabi/12.3.1/../../../../arm-none-eabi/lib/thumb/v7e-m+fp/hard\libc_nano.a(libc_a-findfp.o)
                0x08008d00                __sfp_lock_acquire
 .text.__sfp_lock_release
                0x08008d0c        0xc C:/ST/STM32CubeIDE_1.15.1/STM32CubeIDE/plugins/com.st.stm32cube.ide.mcu.externaltools.gnu-tools-for-stm32.12.3.rel1.win32_1.0.200.202406191623/tools/bin/../lib/gcc/arm-none-eabi/12.3.1/../../../../arm-none-eabi/lib/thumb/v7e-m+fp/hard\libc_nano.a(libc_a-findfp.o)
                0x08008d0c                __sfp_lock_release
 .text.__sinit  0x08008d18       0x30 C:/ST/STM32CubeIDE_1.15.1/STM32CubeIDE/plugins/com.st.stm32cube.ide.mcu.externaltools.gnu-tools-for-stm32.12.3.rel1.win32_1.0.200.202406191623/tools/bin/../lib/gcc/arm-none-eabi/12.3.1/../../../../arm-none-eabi/lib/thumb/v7e-m+fp/hard\libc_nano.a(libc_a-findfp.o)
                0x08008d18                __sinit
 .text._fwalk_sglue
                0x08008d48       0x3c C:/ST/STM32CubeIDE_1.15.1/STM32CubeIDE/plugins/com.st.stm32cube.ide.mcu.externaltools.gnu-tools-for-stm32.12.3.rel1.win32_1.0.200.202406191623/tools/bin/../lib/gcc/arm-none-eabi/12.3.1/../../../../arm-none-eabi/lib/thumb/v7e-m+fp/hard\libc_nano.a(libc_a-fwalk.o)
                0x08008d48                _fwalk_sglue
 .text.printf   0x08008d84       0x24 C:/ST/STM32CubeIDE_1.15.1/STM32CubeIDE/plugins/com.st.stm32cube.ide.mcu.externaltools.gnu-tools-for-stm32.12.3.rel1.win32_1.0.200.202406191623/tools/bin/../lib/gcc/arm-none-eabi/12.3.1/../../../../arm-none-eabi/lib/thumb/v7e-m+fp/hard\libc_nano.a(libc_a-printf.o)
                0x08008d84                iprintf
                0x08008d84                printf
 .text._puts_r  0x08008da8       0xaa C:/ST/STM32CubeIDE_1.15.1/STM32CubeIDE/plugins/com.st.stm32cube.ide.mcu.externaltools.gnu-tools-for-stm32.12.3.rel1.win32_1.0.200.202406191623/tools/bin/../lib/gcc/arm-none-eabi/12.3.1/../../../../arm-none-eabi/lib/thumb/v7e-m+fp/hard\libc_nano.a(libc_a-puts.o)
                0x08008da8                _puts_r
 *fill*         0x08008e52        0x2 
 .text.puts     0x08008e54       0x10 C:/ST/STM32CubeIDE_1.15.1/STM32CubeIDE/plugins/com.st.stm32cube.ide.mcu.externaltools.gnu-tools-for-stm32.12.3.rel1.win32_1.0.200.202406191623/tools/bin/../lib/gcc/arm-none-eabi/12.3.1/../../../../arm-none-eabi/lib/thumb/v7e-m+fp/hard\libc_nano.a(libc_a-puts.o)
                0x08008e54                puts
 .text.snprintf
                0x08008e64       0x68 C:/ST/STM32CubeIDE_1.15.1/STM32CubeIDE/plugins/com.st.stm32cube.ide.mcu.externaltools.gnu-tools-for-stm32.12.3.rel1.win32_1.0.200.202406191623/tools/bin/../lib/gcc/arm-none-eabi/12.3.1/../../../../arm-none-eabi/lib/thumb/v7e-m+fp/hard\libc_nano.a(libc_a-snprintf.o)
                0x08008e64                sniprintf
                0x08008e64                snprintf
 .text.__sread  0x08008ecc       0x22 C:/ST/STM32CubeIDE_1.15.1/STM32CubeIDE/plugins/com.st.stm32cube.ide.mcu.externaltools.gnu-tools-for-stm32.12.3.rel1.win32_1.0.200.202406191623/tools/bin/../lib/gcc/arm-none-eabi/12.3.1/../../../../arm-none-eabi/lib/thumb/v7e-m+fp/hard\libc_nano.a(libc_a-stdio.o)
                0x08008ecc                __sread
 .text.__swrite
                0x08008eee       0x38 C:/ST/STM32CubeIDE_1.15.1/STM32CubeIDE/plugins/com.st.stm32cube.ide.mcu.externaltools.gnu-tools-for-stm32.12.3.rel1.win32_1.0.200.202406191623/tools/bin/../lib/gcc/arm-none-eabi/12.3.1/../../../../arm-none-eabi/lib/thumb/v7e-m+fp/hard\libc_nano.a(libc_a-stdio.o)
                0x08008eee                __swrite
 .text.__sseek  0x08008f26       0x24 C:/ST/STM32CubeIDE_1.15.1/STM32CubeIDE/plugins/com.st.stm32cube.ide.mcu.externaltools.gnu-tools-for-stm32.12.3.rel1.win32_1.0.200.202406191623/tools/bin/../lib/gcc/arm-none-eabi/12.3.1/../../../../arm-none-eabi/lib/thumb/v7e-m+fp/hard\libc_nano.a(libc_a-stdio.o)
                0x08008f26                __sseek
 .text.__sclose
                0x08008f4a        0x8 C:/ST/STM32CubeIDE_1.15.1/STM32CubeIDE/plugins/com.st.stm32cube.ide.mcu.externaltools.gnu-tools-for-stm32.12.3.rel1.win32_1.0.200.202406191623/tools/bin/../lib/gcc/arm-none-eabi/12.3.1/../../../../arm-none-eabi/lib/thumb/v7e-m+fp/hard\libc_nano.a(libc_a-stdio.o)
                0x08008f4a                __sclose
 .text.__swbuf_r
                0x08008f52       0x7c C:/ST/STM32CubeIDE_1.15.1/STM32CubeIDE/plugins/com.st.stm32cube.ide.mcu.externaltools.gnu-tools-for-stm32.12.3.rel1.win32_1.0.200.202406191623/tools/bin/../lib/gcc/arm-none-eabi/12.3.1/../../../../arm-none-eabi/lib/thumb/v7e-m+fp/hard\libc_nano.a(libc_a-wbuf.o)
                0x08008f52                __swbuf_r
 *fill*         0x08008fce        0x2 
 .text.__swsetup_r
                0x08008fd0       0xac C:/ST/STM32CubeIDE_1.15.1/STM32CubeIDE/plugins/com.st.stm32cube.ide.mcu.externaltools.gnu-tools-for-stm32.12.3.rel1.win32_1.0.200.202406191623/tools/bin/../lib/gcc/arm-none-eabi/12.3.1/../../../../arm-none-eabi/lib/thumb/v7e-m+fp/hard\libc_nano.a(libc_a-wsetup.o)
                0x08008fd0                __swsetup_r
 .text.memset   0x0800907c       0x10 C:/ST/STM32CubeIDE_1.15.1/STM32CubeIDE/plugins/com.st.stm32cube.ide.mcu.externaltools.gnu-tools-for-stm32.12.3.rel1.win32_1.0.200.202406191623/tools/bin/../lib/gcc/arm-none-eabi/12.3.1/../../../../arm-none-eabi/lib/thumb/v7e-m+fp/hard\libc_nano.a(libc_a-memset.o)
                0x0800907c                memset
 .text.strncpy  0x0800908c       0x26 C:/ST/STM32CubeIDE_1.15.1/STM32CubeIDE/plugins/com.st.stm32cube.ide.mcu.externaltools.gnu-tools-for-stm32.12.3.rel1.win32_1.0.200.202406191623/tools/bin/../lib/gcc/arm-none-eabi/12.3.1/../../../../arm-none-eabi/lib/thumb/v7e-m+fp/hard\libc_nano.a(libc_a-strncpy.o)
                0x0800908c                strncpy
 *fill*         0x080090b2        0x2 
 .text._close_r
                0x080090b4       0x20 C:/ST/STM32CubeIDE_1.15.1/STM32CubeIDE/plugins/com.st.stm32cube.ide.mcu.externaltools.gnu-tools-for-stm32.12.3.rel1.win32_1.0.200.202406191623/tools/bin/../lib/gcc/arm-none-eabi/12.3.1/../../../../arm-none-eabi/lib/thumb/v7e-m+fp/hard\libc_nano.a(libc_a-closer.o)
                0x080090b4                _close_r
 .text._reclaim_reent
                0x080090d4       0xac C:/ST/STM32CubeIDE_1.15.1/STM32CubeIDE/plugins/com.st.stm32cube.ide.mcu.externaltools.gnu-tools-for-stm32.12.3.rel1.win32_1.0.200.202406191623/tools/bin/../lib/gcc/arm-none-eabi/12.3.1/../../../../arm-none-eabi/lib/thumb/v7e-m+fp/hard\libc_nano.a(libc_a-reent.o)
                0x080090d4                _reclaim_reent
 .text._lseek_r
                0x08009180       0x24 C:/ST/STM32CubeIDE_1.15.1/STM32CubeIDE/plugins/com.st.stm32cube.ide.mcu.externaltools.gnu-tools-for-stm32.12.3.rel1.win32_1.0.200.202406191623/tools/bin/../lib/gcc/arm-none-eabi/12.3.1/../../../../arm-none-eabi/lib/thumb/v7e-m+fp/hard\libc_nano.a(libc_a-lseekr.o)
                0x08009180                _lseek_r
 .text._read_r  0x080091a4       0x24 C:/ST/STM32CubeIDE_1.15.1/STM32CubeIDE/plugins/com.st.stm32cube.ide.mcu.externaltools.gnu-tools-for-stm32.12.3.rel1.win32_1.0.200.202406191623/tools/bin/../lib/gcc/arm-none-eabi/12.3.1/../../../../arm-none-eabi/lib/thumb/v7e-m+fp/hard\libc_nano.a(libc_a-readr.o)
                0x080091a4                _read_r
 .text._write_r
                0x080091c8       0x24 C:/ST/STM32CubeIDE_1.15.1/STM32CubeIDE/plugins/com.st.stm32cube.ide.mcu.externaltools.gnu-tools-for-stm32.12.3.rel1.win32_1.0.200.202406191623/tools/bin/../lib/gcc/arm-none-eabi/12.3.1/../../../../arm-none-eabi/lib/thumb/v7e-m+fp/hard\libc_nano.a(libc_a-writer.o)
                0x080091c8                _write_r
 .text.__errno  0x080091ec        0xc C:/ST/STM32CubeIDE_1.15.1/STM32CubeIDE/plugins/com.st.stm32cube.ide.mcu.externaltools.gnu-tools-for-stm32.12.3.rel1.win32_1.0.200.202406191623/tools/bin/../lib/gcc/arm-none-eabi/12.3.1/../../../../arm-none-eabi/lib/thumb/v7e-m+fp/hard\libc_nano.a(libc_a-errno.o)
                0x080091ec                __errno
 .text.__libc_init_array
                0x080091f8       0x48 C:/ST/STM32CubeIDE_1.15.1/STM32CubeIDE/plugins/com.st.stm32cube.ide.mcu.externaltools.gnu-tools-for-stm32.12.3.rel1.win32_1.0.200.202406191623/tools/bin/../lib/gcc/arm-none-eabi/12.3.1/../../../../arm-none-eabi/lib/thumb/v7e-m+fp/hard\libc_nano.a(libc_a-init.o)
                0x080091f8                __libc_init_array
 .text.__retarget_lock_init_recursive
                0x08009240        0x2 C:/ST/STM32CubeIDE_1.15.1/STM32CubeIDE/plugins/com.st.stm32cube.ide.mcu.externaltools.gnu-tools-for-stm32.12.3.rel1.win32_1.0.200.202406191623/tools/bin/../lib/gcc/arm-none-eabi/12.3.1/../../../../arm-none-eabi/lib/thumb/v7e-m+fp/hard\libc_nano.a(libc_a-lock.o)
                0x08009240                __retarget_lock_init_recursive
 .text.__retarget_lock_acquire_recursive
                0x08009242        0x2 C:/ST/STM32CubeIDE_1.15.1/STM32CubeIDE/plugins/com.st.stm32cube.ide.mcu.externaltools.gnu-tools-for-stm32.12.3.rel1.win32_1.0.200.202406191623/tools/bin/../lib/gcc/arm-none-eabi/12.3.1/../../../../arm-none-eabi/lib/thumb/v7e-m+fp/hard\libc_nano.a(libc_a-lock.o)
                0x08009242                __retarget_lock_acquire_recursive
 .text.__retarget_lock_release_recursive
                0x08009244        0x2 C:/ST/STM32CubeIDE_1.15.1/STM32CubeIDE/plugins/com.st.stm32cube.ide.mcu.externaltools.gnu-tools-for-stm32.12.3.rel1.win32_1.0.200.202406191623/tools/bin/../lib/gcc/arm-none-eabi/12.3.1/../../../../arm-none-eabi/lib/thumb/v7e-m+fp/hard\libc_nano.a(libc_a-lock.o)
                0x08009244                __retarget_lock_release_recursive
 .text.memcpy   0x08009246       0x1c C:/ST/STM32CubeIDE_1.15.1/STM32CubeIDE/plugins/com.st.stm32cube.ide.mcu.externaltools.gnu-tools-for-stm32.12.3.rel1.win32_1.0.200.202406191623/tools/bin/../lib/gcc/arm-none-eabi/12.3.1/../../../../arm-none-eabi/lib/thumb/v7e-m+fp/hard\libc_nano.a(libc_a-memcpy-stub.o)
                0x08009246                memcpy
 *fill*         0x08009262        0x2 
 .text._free_r  0x08009264       0x94 C:/ST/STM32CubeIDE_1.15.1/STM32CubeIDE/plugins/com.st.stm32cube.ide.mcu.externaltools.gnu-tools-for-stm32.12.3.rel1.win32_1.0.200.202406191623/tools/bin/../lib/gcc/arm-none-eabi/12.3.1/../../../../arm-none-eabi/lib/thumb/v7e-m+fp/hard\libc_nano.a(libc_a-freer.o)
                0x08009264                _free_r
 .text.sbrk_aligned
                0x080092f8       0x44 C:/ST/STM32CubeIDE_1.15.1/STM32CubeIDE/plugins/com.st.stm32cube.ide.mcu.externaltools.gnu-tools-for-stm32.12.3.rel1.win32_1.0.200.202406191623/tools/bin/../lib/gcc/arm-none-eabi/12.3.1/../../../../arm-none-eabi/lib/thumb/v7e-m+fp/hard\libc_nano.a(libc_a-mallocr.o)
 .text._malloc_r
                0x0800933c      0x100 C:/ST/STM32CubeIDE_1.15.1/STM32CubeIDE/plugins/com.st.stm32cube.ide.mcu.externaltools.gnu-tools-for-stm32.12.3.rel1.win32_1.0.200.202406191623/tools/bin/../lib/gcc/arm-none-eabi/12.3.1/../../../../arm-none-eabi/lib/thumb/v7e-m+fp/hard\libc_nano.a(libc_a-mallocr.o)
                0x0800933c                _malloc_r
 .text.__malloc_lock
                0x0800943c        0xc C:/ST/STM32CubeIDE_1.15.1/STM32CubeIDE/plugins/com.st.stm32cube.ide.mcu.externaltools.gnu-tools-for-stm32.12.3.rel1.win32_1.0.200.202406191623/tools/bin/../lib/gcc/arm-none-eabi/12.3.1/../../../../arm-none-eabi/lib/thumb/v7e-m+fp/hard\libc_nano.a(libc_a-mlock.o)
                0x0800943c                __malloc_lock
 .text.__malloc_unlock
                0x08009448        0xc C:/ST/STM32CubeIDE_1.15.1/STM32CubeIDE/plugins/com.st.stm32cube.ide.mcu.externaltools.gnu-tools-for-stm32.12.3.rel1.win32_1.0.200.202406191623/tools/bin/../lib/gcc/arm-none-eabi/12.3.1/../../../../arm-none-eabi/lib/thumb/v7e-m+fp/hard\libc_nano.a(libc_a-mlock.o)
                0x08009448                __malloc_unlock
 .text.__ssputs_r
                0x08009454       0xb6 C:/ST/STM32CubeIDE_1.15.1/STM32CubeIDE/plugins/com.st.stm32cube.ide.mcu.externaltools.gnu-tools-for-stm32.12.3.rel1.win32_1.0.200.202406191623/tools/bin/../lib/gcc/arm-none-eabi/12.3.1/../../../../arm-none-eabi/lib/thumb/v7e-m+fp/hard\libc_nano.a(libc_a-nano-svfprintf.o)
                0x08009454                __ssputs_r
 *fill*         0x0800950a        0x2 
 .text._svfprintf_r
                0x0800950c      0x1f8 C:/ST/STM32CubeIDE_1.15.1/STM32CubeIDE/plugins/com.st.stm32cube.ide.mcu.externaltools.gnu-tools-for-stm32.12.3.rel1.win32_1.0.200.202406191623/tools/bin/../lib/gcc/arm-none-eabi/12.3.1/../../../../arm-none-eabi/lib/thumb/v7e-m+fp/hard\libc_nano.a(libc_a-nano-svfprintf.o)
                0x0800950c                _svfiprintf_r
                0x0800950c                _svfprintf_r
 .text.__sfputc_r
                0x08009704       0x2e C:/ST/STM32CubeIDE_1.15.1/STM32CubeIDE/plugins/com.st.stm32cube.ide.mcu.externaltools.gnu-tools-for-stm32.12.3.rel1.win32_1.0.200.202406191623/tools/bin/../lib/gcc/arm-none-eabi/12.3.1/../../../../arm-none-eabi/lib/thumb/v7e-m+fp/hard\libc_nano.a(libc_a-nano-vfprintf.o)
 .text.__sfputs_r
                0x08009732       0x24 C:/ST/STM32CubeIDE_1.15.1/STM32CubeIDE/plugins/com.st.stm32cube.ide.mcu.externaltools.gnu-tools-for-stm32.12.3.rel1.win32_1.0.200.202406191623/tools/bin/../lib/gcc/arm-none-eabi/12.3.1/../../../../arm-none-eabi/lib/thumb/v7e-m+fp/hard\libc_nano.a(libc_a-nano-vfprintf.o)
                0x08009732                __sfputs_r
 *fill*         0x08009756        0x2 
 .text._vfprintf_r
                0x08009758      0x230 C:/ST/STM32CubeIDE_1.15.1/STM32CubeIDE/plugins/com.st.stm32cube.ide.mcu.externaltools.gnu-tools-for-stm32.12.3.rel1.win32_1.0.200.202406191623/tools/bin/../lib/gcc/arm-none-eabi/12.3.1/../../../../arm-none-eabi/lib/thumb/v7e-m+fp/hard\libc_nano.a(libc_a-nano-vfprintf.o)
                0x08009758                _vfprintf_r
                0x08009758                _vfiprintf_r
 .text._printf_common
                0x08009988       0xda C:/ST/STM32CubeIDE_1.15.1/STM32CubeIDE/plugins/com.st.stm32cube.ide.mcu.externaltools.gnu-tools-for-stm32.12.3.rel1.win32_1.0.200.202406191623/tools/bin/../lib/gcc/arm-none-eabi/12.3.1/../../../../arm-none-eabi/lib/thumb/v7e-m+fp/hard\libc_nano.a(libc_a-nano-vfprintf_i.o)
                0x08009988                _printf_common
 *fill*         0x08009a62        0x2 
 .text._printf_i
                0x08009a64      0x240 C:/ST/STM32CubeIDE_1.15.1/STM32CubeIDE/plugins/com.st.stm32cube.ide.mcu.externaltools.gnu-tools-for-stm32.12.3.rel1.win32_1.0.200.202406191623/tools/bin/../lib/gcc/arm-none-eabi/12.3.1/../../../../arm-none-eabi/lib/thumb/v7e-m+fp/hard\libc_nano.a(libc_a-nano-vfprintf_i.o)
                0x08009a64                _printf_i
 .text.__swhatbuf_r
                0x08009ca4       0x4c C:/ST/STM32CubeIDE_1.15.1/STM32CubeIDE/plugins/com.st.stm32cube.ide.mcu.externaltools.gnu-tools-for-stm32.12.3.rel1.win32_1.0.200.202406191623/tools/bin/../lib/gcc/arm-none-eabi/12.3.1/../../../../arm-none-eabi/lib/thumb/v7e-m+fp/hard\libc_nano.a(libc_a-makebuf.o)
                0x08009ca4                __swhatbuf_r
 .text.__smakebuf_r
                0x08009cf0       0x78 C:/ST/STM32CubeIDE_1.15.1/STM32CubeIDE/plugins/com.st.stm32cube.ide.mcu.externaltools.gnu-tools-for-stm32.12.3.rel1.win32_1.0.200.202406191623/tools/bin/../lib/gcc/arm-none-eabi/12.3.1/../../../../arm-none-eabi/lib/thumb/v7e-m+fp/hard\libc_nano.a(libc_a-makebuf.o)
                0x08009cf0                __smakebuf_r
 .text.memmove  0x08009d68       0x34 C:/ST/STM32CubeIDE_1.15.1/STM32CubeIDE/plugins/com.st.stm32cube.ide.mcu.externaltools.gnu-tools-for-stm32.12.3.rel1.win32_1.0.200.202406191623/tools/bin/../lib/gcc/arm-none-eabi/12.3.1/../../../../arm-none-eabi/lib/thumb/v7e-m+fp/hard\libc_nano.a(libc_a-memmove.o)
                0x08009d68                memmove
 .text._fstat_r
                0x08009d9c       0x24 C:/ST/STM32CubeIDE_1.15.1/STM32CubeIDE/plugins/com.st.stm32cube.ide.mcu.externaltools.gnu-tools-for-stm32.12.3.rel1.win32_1.0.200.202406191623/tools/bin/../lib/gcc/arm-none-eabi/12.3.1/../../../../arm-none-eabi/lib/thumb/v7e-m+fp/hard\libc_nano.a(libc_a-fstatr.o)
                0x08009d9c                _fstat_r
 .text._isatty_r
                0x08009dc0       0x20 C:/ST/STM32CubeIDE_1.15.1/STM32CubeIDE/plugins/com.st.stm32cube.ide.mcu.externaltools.gnu-tools-for-stm32.12.3.rel1.win32_1.0.200.202406191623/tools/bin/../lib/gcc/arm-none-eabi/12.3.1/../../../../arm-none-eabi/lib/thumb/v7e-m+fp/hard\libc_nano.a(libc_a-isattyr.o)
                0x08009dc0                _isatty_r
 .text._sbrk_r  0x08009de0       0x20 C:/ST/STM32CubeIDE_1.15.1/STM32CubeIDE/plugins/com.st.stm32cube.ide.mcu.externaltools.gnu-tools-for-stm32.12.3.rel1.win32_1.0.200.202406191623/tools/bin/../lib/gcc/arm-none-eabi/12.3.1/../../../../arm-none-eabi/lib/thumb/v7e-m+fp/hard\libc_nano.a(libc_a-sbrkr.o)
                0x08009de0                _sbrk_r
 .text._realloc_r
                0x08009e00       0x5c C:/ST/STM32CubeIDE_1.15.1/STM32CubeIDE/plugins/com.st.stm32cube.ide.mcu.externaltools.gnu-tools-for-stm32.12.3.rel1.win32_1.0.200.202406191623/tools/bin/../lib/gcc/arm-none-eabi/12.3.1/../../../../arm-none-eabi/lib/thumb/v7e-m+fp/hard\libc_nano.a(libc_a-reallocr.o)
                0x08009e00                _realloc_r
 .text._malloc_usable_size_r
                0x08009e5c       0x10 C:/ST/STM32CubeIDE_1.15.1/STM32CubeIDE/plugins/com.st.stm32cube.ide.mcu.externaltools.gnu-tools-for-stm32.12.3.rel1.win32_1.0.200.202406191623/tools/bin/../lib/gcc/arm-none-eabi/12.3.1/../../../../arm-none-eabi/lib/thumb/v7e-m+fp/hard\libc_nano.a(libc_a-msizer.o)
                0x08009e5c                _malloc_usable_size_r
 *(.glue_7)
 .glue_7        0x08009e6c        0x0 linker stubs
 *(.glue_7t)
 .glue_7t       0x08009e6c        0x0 linker stubs
 *(.eh_frame)
 .eh_frame      0x08009e6c        0x0 C:/ST/STM32CubeIDE_1.15.1/STM32CubeIDE/plugins/com.st.stm32cube.ide.mcu.externaltools.gnu-tools-for-stm32.12.3.rel1.win32_1.0.200.202406191623/tools/bin/../lib/gcc/arm-none-eabi/12.3.1/thumb/v7e-m+fp/hard/crtbegin.o
 *(.init)
 .init          0x08009e6c        0x4 C:/ST/STM32CubeIDE_1.15.1/STM32CubeIDE/plugins/com.st.stm32cube.ide.mcu.externaltools.gnu-tools-for-stm32.12.3.rel1.win32_1.0.200.202406191623/tools/bin/../lib/gcc/arm-none-eabi/12.3.1/thumb/v7e-m+fp/hard/crti.o
                0x08009e6c                _init
 .init          0x08009e70        0x8 C:/ST/STM32CubeIDE_1.15.1/STM32CubeIDE/plugins/com.st.stm32cube.ide.mcu.externaltools.gnu-tools-for-stm32.12.3.rel1.win32_1.0.200.202406191623/tools/bin/../lib/gcc/arm-none-eabi/12.3.1/thumb/v7e-m+fp/hard/crtn.o
 *(.fini)
 .fini          0x08009e78        0x4 C:/ST/STM32CubeIDE_1.15.1/STM32CubeIDE/plugins/com.st.stm32cube.ide.mcu.externaltools.gnu-tools-for-stm32.12.3.rel1.win32_1.0.200.202406191623/tools/bin/../lib/gcc/arm-none-eabi/12.3.1/thumb/v7e-m+fp/hard/crti.o
                0x08009e78                _fini
 .fini          0x08009e7c        0x8 C:/ST/STM32CubeIDE_1.15.1/STM32CubeIDE/plugins/com.st.stm32cube.ide.mcu.externaltools.gnu-tools-for-stm32.12.3.rel1.win32_1.0.200.202406191623/tools/bin/../lib/gcc/arm-none-eabi/12.3.1/thumb/v7e-m+fp/hard/crtn.o
                0x08009e84                        . = ALIGN (0x4)
                0x08009e84                        _etext = .

.vfp11_veneer   0x08009e84        0x0
 .vfp11_veneer  0x08009e84        0x0 linker stubs

.v4_bx          0x08009e84        0x0
 .v4_bx         0x08009e84        0x0 linker stubs

.iplt           0x08009e84        0x0
 .iplt          0x08009e84        0x0 C:/ST/STM32CubeIDE_1.15.1/STM32CubeIDE/plugins/com.st.stm32cube.ide.mcu.externaltools.gnu-tools-for-stm32.12.3.rel1.win32_1.0.200.202406191623/tools/bin/../lib/gcc/arm-none-eabi/12.3.1/thumb/v7e-m+fp/hard/crtbegin.o

.rodata         0x08009e84      0xe90
                0x08009e84                        . = ALIGN (0x4)
 *(.rodata)
 .rodata        0x08009e84      0x124 ./Application/Src/task_handling.o
 .rodata        0x08009fa8      0x150 ./Core/Src/main.o
 .rodata        0x0800a0f8        0x5 ./Middlewares/Third_Party/FreeRTOS/Source/tasks.o
 *fill*         0x0800a0fd        0x3 
 .rodata        0x0800a100        0xd ./Middlewares/Third_Party/FreeRTOS/Source/timers.o
 *(.rodata*)
 *fill*         0x0800a10d        0x3 
 .rodata.vAMBstrings
                0x0800a110      0x320 ./Application/Src/dispatcher.o
 .rodata.vPOLstrings
                0x0800a430      0x1f4 ./Application/Src/dispatcher.o
 .rodata.vFIREstrings
                0x0800a624      0x384 ./Application/Src/dispatcher.o
 .rodata.vCORstrings
                0x0800a9a8      0x320 ./Application/Src/dispatcher.o
 .rodata.AHBPrescTable
                0x0800acc8       0x10 ./Core/Src/system_stm32f7xx.o
                0x0800acc8                AHBPrescTable
 .rodata.APBPrescTable
                0x0800acd8        0x8 ./Core/Src/system_stm32f7xx.o
                0x0800acd8                APBPrescTable
 .rodata._svfprintf_r.str1.1
                0x0800ace0       0x11 C:/ST/STM32CubeIDE_1.15.1/STM32CubeIDE/plugins/com.st.stm32cube.ide.mcu.externaltools.gnu-tools-for-stm32.12.3.rel1.win32_1.0.200.202406191623/tools/bin/../lib/gcc/arm-none-eabi/12.3.1/../../../../arm-none-eabi/lib/thumb/v7e-m+fp/hard\libc_nano.a(libc_a-nano-svfprintf.o)
 .rodata._vfprintf_r.str1.1
                0x0800acf1       0x11 C:/ST/STM32CubeIDE_1.15.1/STM32CubeIDE/plugins/com.st.stm32cube.ide.mcu.externaltools.gnu-tools-for-stm32.12.3.rel1.win32_1.0.200.202406191623/tools/bin/../lib/gcc/arm-none-eabi/12.3.1/../../../../arm-none-eabi/lib/thumb/v7e-m+fp/hard\libc_nano.a(libc_a-nano-vfprintf.o)
 .rodata._printf_i.str1.1
                0x0800acf1       0x22 C:/ST/STM32CubeIDE_1.15.1/STM32CubeIDE/plugins/com.st.stm32cube.ide.mcu.externaltools.gnu-tools-for-stm32.12.3.rel1.win32_1.0.200.202406191623/tools/bin/../lib/gcc/arm-none-eabi/12.3.1/../../../../arm-none-eabi/lib/thumb/v7e-m+fp/hard\libc_nano.a(libc_a-nano-vfprintf_i.o)
                0x0800ad14                        . = ALIGN (0x4)
 *fill*         0x0800ad13        0x1 

.ARM.extab      0x0800ad14        0x0
                0x0800ad14                        . = ALIGN (0x4)
 *(.ARM.extab* .gnu.linkonce.armextab.*)
                0x0800ad14                        . = ALIGN (0x4)

.ARM            0x0800ad14        0x8
                0x0800ad14                        . = ALIGN (0x4)
                0x0800ad14                        __exidx_start = .
 *(.ARM.exidx*)
 .ARM.exidx     0x0800ad14        0x8 C:/ST/STM32CubeIDE_1.15.1/STM32CubeIDE/plugins/com.st.stm32cube.ide.mcu.externaltools.gnu-tools-for-stm32.12.3.rel1.win32_1.0.200.202406191623/tools/bin/../lib/gcc/arm-none-eabi/12.3.1/../../../../arm-none-eabi/lib/thumb/v7e-m+fp/hard\libc_nano.a(libc_a-memchr.o)
 .ARM.exidx     0x0800ad1c        0x0 C:/ST/STM32CubeIDE_1.15.1/STM32CubeIDE/plugins/com.st.stm32cube.ide.mcu.externaltools.gnu-tools-for-stm32.12.3.rel1.win32_1.0.200.202406191623/tools/bin/../lib/gcc/arm-none-eabi/12.3.1/thumb/v7e-m+fp/hard\libgcc.a(_udivmoddi4.o)
                                  0x8 (size before relaxing)
                0x0800ad1c                        __exidx_end = .
                0x0800ad1c                        . = ALIGN (0x4)

.preinit_array  0x0800ad1c        0x0
                0x0800ad1c                        . = ALIGN (0x4)
                0x0800ad1c                        PROVIDE (__preinit_array_start = .)
 *(.preinit_array*)
                0x0800ad1c                        PROVIDE (__preinit_array_end = .)
                0x0800ad1c                        . = ALIGN (0x4)

.init_array     0x0800ad1c        0x4
                0x0800ad1c                        . = ALIGN (0x4)
                0x0800ad1c                        PROVIDE (__init_array_start = .)
 *(SORT_BY_NAME(.init_array.*))
 *(.init_array*)
 .init_array    0x0800ad1c        0x4 C:/ST/STM32CubeIDE_1.15.1/STM32CubeIDE/plugins/com.st.stm32cube.ide.mcu.externaltools.gnu-tools-for-stm32.12.3.rel1.win32_1.0.200.202406191623/tools/bin/../lib/gcc/arm-none-eabi/12.3.1/thumb/v7e-m+fp/hard/crtbegin.o
                0x0800ad20                        PROVIDE (__init_array_end = .)
                0x0800ad20                        . = ALIGN (0x4)

.fini_array     0x0800ad20        0x4
                0x0800ad20                        . = ALIGN (0x4)
                [!provide]                        PROVIDE (__fini_array_start = .)
 *(SORT_BY_NAME(.fini_array.*))
 *(.fini_array*)
 .fini_array    0x0800ad20        0x4 C:/ST/STM32CubeIDE_1.15.1/STM32CubeIDE/plugins/com.st.stm32cube.ide.mcu.externaltools.gnu-tools-for-stm32.12.3.rel1.win32_1.0.200.202406191623/tools/bin/../lib/gcc/arm-none-eabi/12.3.1/thumb/v7e-m+fp/hard/crtbegin.o
                [!provide]                        PROVIDE (__fini_array_end = .)
                0x0800ad24                        . = ALIGN (0x4)
                0x0800ad24                        _sidata = LOADADDR (.data)

.rel.dyn        0x0800ad24        0x0
 .rel.iplt      0x0800ad24        0x0 C:/ST/STM32CubeIDE_1.15.1/STM32CubeIDE/plugins/com.st.stm32cube.ide.mcu.externaltools.gnu-tools-for-stm32.12.3.rel1.win32_1.0.200.202406191623/tools/bin/../lib/gcc/arm-none-eabi/12.3.1/thumb/v7e-m+fp/hard/crtbegin.o

.data           0x20000000       0x6c load address 0x0800ad24
                0x20000000                        . = ALIGN (0x4)
                0x20000000                        _sdata = .
 *(.data)
 *(.data*)
 .data.SystemCoreClock
                0x20000000        0x4 ./Core/Src/system_stm32f7xx.o
                0x20000000                SystemCoreClock
 .data.uwTickPrio
                0x20000004        0x4 ./Drivers/STM32F7xx_HAL_Driver/Src/stm32f7xx_hal.o
                0x20000004                uwTickPrio
 .data.uwTickFreq
                0x20000008        0x1 ./Drivers/STM32F7xx_HAL_Driver/Src/stm32f7xx_hal.o
                0x20000008                uwTickFreq
 *fill*         0x20000009        0x3 
 .data.uxCriticalNesting
                0x2000000c        0x4 ./Middlewares/Third_Party/FreeRTOS/Source/portable/GCC/ARM_CM7/r0p1/port.o
 .data.__sglue  0x20000010        0xc C:/ST/STM32CubeIDE_1.15.1/STM32CubeIDE/plugins/com.st.stm32cube.ide.mcu.externaltools.gnu-tools-for-stm32.12.3.rel1.win32_1.0.200.202406191623/tools/bin/../lib/gcc/arm-none-eabi/12.3.1/../../../../arm-none-eabi/lib/thumb/v7e-m+fp/hard\libc_nano.a(libc_a-findfp.o)
                0x20000010                __sglue
 .data._impure_ptr
                0x2000001c        0x4 C:/ST/STM32CubeIDE_1.15.1/STM32CubeIDE/plugins/com.st.stm32cube.ide.mcu.externaltools.gnu-tools-for-stm32.12.3.rel1.win32_1.0.200.202406191623/tools/bin/../lib/gcc/arm-none-eabi/12.3.1/../../../../arm-none-eabi/lib/thumb/v7e-m+fp/hard\libc_nano.a(libc_a-impure.o)
                0x2000001c                _impure_ptr
 .data._impure_data
                0x20000020       0x4c C:/ST/STM32CubeIDE_1.15.1/STM32CubeIDE/plugins/com.st.stm32cube.ide.mcu.externaltools.gnu-tools-for-stm32.12.3.rel1.win32_1.0.200.202406191623/tools/bin/../lib/gcc/arm-none-eabi/12.3.1/../../../../arm-none-eabi/lib/thumb/v7e-m+fp/hard\libc_nano.a(libc_a-impure.o)
                0x20000020                _impure_data
 *(.RamFunc)
 *(.RamFunc*)
                0x2000006c                        . = ALIGN (0x4)
                0x2000006c                        _edata = .

.igot.plt       0x2000006c        0x0 load address 0x0800ad90
 .igot.plt      0x2000006c        0x0 C:/ST/STM32CubeIDE_1.15.1/STM32CubeIDE/plugins/com.st.stm32cube.ide.mcu.externaltools.gnu-tools-for-stm32.12.3.rel1.win32_1.0.200.202406191623/tools/bin/../lib/gcc/arm-none-eabi/12.3.1/thumb/v7e-m+fp/hard/crtbegin.o
                0x2000006c                        . = ALIGN (0x4)

.bss            0x2000006c    0x19c88 load address 0x0800ad90
                0x2000006c                        _sbss = .
                0x2000006c                        __bss_start__ = _sbss
 *(.bss)
 .bss           0x2000006c       0x1c C:/ST/STM32CubeIDE_1.15.1/STM32CubeIDE/plugins/com.st.stm32cube.ide.mcu.externaltools.gnu-tools-for-stm32.12.3.rel1.win32_1.0.200.202406191623/tools/bin/../lib/gcc/arm-none-eabi/12.3.1/thumb/v7e-m+fp/hard/crtbegin.o
 *(.bss*)
 .bss.hrng      0x20000088       0x10 ./Core/Src/main.o
                0x20000088                hrng
 .bss.htim2     0x20000098       0x4c ./Core/Src/main.o
                0x20000098                htim2
 .bss.huart3    0x200000e4       0x88 ./Core/Src/main.o
                0x200000e4                huart3
 .bss.hpcd_USB_OTG_FS
                0x2000016c      0x4e0 ./Core/Src/main.o
                0x2000016c                hpcd_USB_OTG_FS
 .bss.qAmbulance
                0x2000064c        0x4 ./Core/Src/main.o
                0x2000064c                qAmbulance
 .bss.qPolice   0x20000650        0x4 ./Core/Src/main.o
                0x20000650                qPolice
 .bss.qFire     0x20000654        0x4 ./Core/Src/main.o
                0x20000654                qFire
 .bss.qCorona   0x20000658        0x4 ./Core/Src/main.o
                0x20000658                qCorona
 .bss.qDispatcher
                0x2000065c        0x4 ./Core/Src/main.o
                0x2000065c                qDispatcher
 .bss.vAmbulanceTasks
                0x20000660       0x10 ./Core/Src/main.o
                0x20000660                vAmbulanceTasks
 .bss.vPoliceTasks
                0x20000670        0xc ./Core/Src/main.o
                0x20000670                vPoliceTasks
 .bss.vFireTasks
                0x2000067c        0x8 ./Core/Src/main.o
                0x2000067c                vFireTasks
 .bss.vCoronaTasks
                0x20000684       0x10 ./Core/Src/main.o
                0x20000684                vCoronaTasks
 .bss.vDispatcherTask
                0x20000694        0x4 ./Core/Src/main.o
                0x20000694                vDispatcherTask
 .bss.vInitTaskHandle
                0x20000698        0x4 ./Core/Src/main.o
                0x20000698                vInitTaskHandle
 .bss.vTasksManagerTask
                0x2000069c        0x4 ./Core/Src/main.o
                0x2000069c                vTasksManagerTask
 .bss.bAmbTasksStatus
                0x200006a0        0x4 ./Core/Src/main.o
                0x200006a0                bAmbTasksStatus
 .bss.AmbTasksStatusMutex
                0x200006a4        0x4 ./Core/Src/main.o
                0x200006a4                AmbTasksStatusMutex
 .bss.bPolTasksStatus
                0x200006a8        0x3 ./Core/Src/main.o
                0x200006a8                bPolTasksStatus
 *fill*         0x200006ab        0x1 
 .bss.PolTasksStatusMutex
                0x200006ac        0x4 ./Core/Src/main.o
                0x200006ac                PolTasksStatusMutex
 .bss.bFireTasksStatus
                0x200006b0        0x2 ./Core/Src/main.o
                0x200006b0                bFireTasksStatus
 *fill*         0x200006b2        0x2 
 .bss.FireTasksStatusMutex
                0x200006b4        0x4 ./Core/Src/main.o
                0x200006b4                FireTasksStatusMutex
 .bss.bCorTasksStatus
                0x200006b8        0x4 ./Core/Src/main.o
                0x200006b8                bCorTasksStatus
 .bss.CorTasksStatusMutex
                0x200006bc        0x4 ./Core/Src/main.o
                0x200006bc                CorTasksStatusMutex
 .bss.printfMutex
                0x200006c0        0x4 ./Core/Src/main.o
                0x200006c0                printfMutex
 .bss.total_tasks_time
                0x200006c4        0x4 ./Core/Src/main.o
                0x200006c4                total_tasks_time
 .bss.total_tasks_ran
                0x200006c8        0x4 ./Core/Src/main.o
                0x200006c8                total_tasks_ran
 .bss.average_task_time
                0x200006cc        0x4 ./Core/Src/main.o
                0x200006cc                average_task_time
 .bss.current_running_tasks
                0x200006d0        0x1 ./Core/Src/main.o
                0x200006d0                current_running_tasks
 *fill*         0x200006d1        0x3 
 .bss.xTasksDataMutex
                0x200006d4        0x4 ./Core/Src/main.o
                0x200006d4                xTasksDataMutex
 .bss.htim6     0x200006d8       0x4c ./Core/Src/stm32f7xx_hal_timebase_tim.o
                0x200006d8                htim6
 .bss.__sbrk_heap_end
                0x20000724        0x4 ./Core/Src/sysmem.o
 .bss.uwTick    0x20000728        0x4 ./Drivers/STM32F7xx_HAL_Driver/Src/stm32f7xx_hal.o
                0x20000728                uwTick
 .bss.Idle_TCB  0x2000072c       0xa8 ./Middlewares/Third_Party/FreeRTOS/Source/CMSIS_RTOS_V2/cmsis_os2.o
 .bss.Idle_Stack
                0x200007d4      0x200 ./Middlewares/Third_Party/FreeRTOS/Source/CMSIS_RTOS_V2/cmsis_os2.o
 .bss.Timer_TCB
                0x200009d4       0xa8 ./Middlewares/Third_Party/FreeRTOS/Source/CMSIS_RTOS_V2/cmsis_os2.o
 .bss.Timer_Stack
                0x20000a7c      0x400 ./Middlewares/Third_Party/FreeRTOS/Source/CMSIS_RTOS_V2/cmsis_os2.o
 .bss.xQueueRegistry
                0x20000e7c       0x40 ./Middlewares/Third_Party/FreeRTOS/Source/queue.o
                0x20000e7c                xQueueRegistry
 .bss.pxCurrentTCB
                0x20000ebc        0x4 ./Middlewares/Third_Party/FreeRTOS/Source/tasks.o
                0x20000ebc                pxCurrentTCB
 .bss.pxReadyTasksLists
                0x20000ec0      0x460 ./Middlewares/Third_Party/FreeRTOS/Source/tasks.o
 .bss.xDelayedTaskList1
                0x20001320       0x14 ./Middlewares/Third_Party/FreeRTOS/Source/tasks.o
 .bss.xDelayedTaskList2
                0x20001334       0x14 ./Middlewares/Third_Party/FreeRTOS/Source/tasks.o
 .bss.pxDelayedTaskList
                0x20001348        0x4 ./Middlewares/Third_Party/FreeRTOS/Source/tasks.o
 .bss.pxOverflowDelayedTaskList
                0x2000134c        0x4 ./Middlewares/Third_Party/FreeRTOS/Source/tasks.o
 .bss.xPendingReadyList
                0x20001350       0x14 ./Middlewares/Third_Party/FreeRTOS/Source/tasks.o
 .bss.xTasksWaitingTermination
                0x20001364       0x14 ./Middlewares/Third_Party/FreeRTOS/Source/tasks.o
 .bss.uxDeletedTasksWaitingCleanUp
                0x20001378        0x4 ./Middlewares/Third_Party/FreeRTOS/Source/tasks.o
 .bss.xSuspendedTaskList
                0x2000137c       0x14 ./Middlewares/Third_Party/FreeRTOS/Source/tasks.o
 .bss.uxCurrentNumberOfTasks
                0x20001390        0x4 ./Middlewares/Third_Party/FreeRTOS/Source/tasks.o
 .bss.xTickCount
                0x20001394        0x4 ./Middlewares/Third_Party/FreeRTOS/Source/tasks.o
 .bss.uxTopReadyPriority
                0x20001398        0x4 ./Middlewares/Third_Party/FreeRTOS/Source/tasks.o
 .bss.xSchedulerRunning
                0x2000139c        0x4 ./Middlewares/Third_Party/FreeRTOS/Source/tasks.o
 .bss.uxPendedTicks
                0x200013a0        0x4 ./Middlewares/Third_Party/FreeRTOS/Source/tasks.o
 .bss.xYieldPending
                0x200013a4        0x4 ./Middlewares/Third_Party/FreeRTOS/Source/tasks.o
 .bss.xNumOfOverflows
                0x200013a8        0x4 ./Middlewares/Third_Party/FreeRTOS/Source/tasks.o
 .bss.uxTaskNumber
                0x200013ac        0x4 ./Middlewares/Third_Party/FreeRTOS/Source/tasks.o
 .bss.xNextTaskUnblockTime
                0x200013b0        0x4 ./Middlewares/Third_Party/FreeRTOS/Source/tasks.o
 .bss.xIdleTaskHandle
                0x200013b4        0x4 ./Middlewares/Third_Party/FreeRTOS/Source/tasks.o
 .bss.uxSchedulerSuspended
                0x200013b8        0x4 ./Middlewares/Third_Party/FreeRTOS/Source/tasks.o
 .bss.xActiveTimerList1
                0x200013bc       0x14 ./Middlewares/Third_Party/FreeRTOS/Source/timers.o
 .bss.xActiveTimerList2
                0x200013d0       0x14 ./Middlewares/Third_Party/FreeRTOS/Source/timers.o
 .bss.pxCurrentTimerList
                0x200013e4        0x4 ./Middlewares/Third_Party/FreeRTOS/Source/timers.o
 .bss.pxOverflowTimerList
                0x200013e8        0x4 ./Middlewares/Third_Party/FreeRTOS/Source/timers.o
 .bss.xTimerQueue
                0x200013ec        0x4 ./Middlewares/Third_Party/FreeRTOS/Source/timers.o
 .bss.xTimerTaskHandle
                0x200013f0        0x4 ./Middlewares/Third_Party/FreeRTOS/Source/timers.o
 .bss.xLastTime.2
                0x200013f4        0x4 ./Middlewares/Third_Party/FreeRTOS/Source/timers.o
 .bss.ucStaticTimerQueueStorage.1
                0x200013f8       0xa0 ./Middlewares/Third_Party/FreeRTOS/Source/timers.o
 .bss.xStaticTimerQueue.0
                0x20001498       0x50 ./Middlewares/Third_Party/FreeRTOS/Source/timers.o
 .bss.ucMaxSysCallPriority
                0x200014e8        0x1 ./Middlewares/Third_Party/FreeRTOS/Source/portable/GCC/ARM_CM7/r0p1/port.o
 *fill*         0x200014e9        0x3 
 .bss.ulMaxPRIGROUPValue
                0x200014ec        0x4 ./Middlewares/Third_Party/FreeRTOS/Source/portable/GCC/ARM_CM7/r0p1/port.o
 .bss.ucHeap    0x200014f0    0x186a0 ./Middlewares/Third_Party/FreeRTOS/Source/portable/MemMang/heap_4.o
 .bss.xStart    0x20019b90        0x8 ./Middlewares/Third_Party/FreeRTOS/Source/portable/MemMang/heap_4.o
 .bss.pxEnd     0x20019b98        0x4 ./Middlewares/Third_Party/FreeRTOS/Source/portable/MemMang/heap_4.o
 .bss.xFreeBytesRemaining
                0x20019b9c        0x4 ./Middlewares/Third_Party/FreeRTOS/Source/portable/MemMang/heap_4.o
 .bss.xMinimumEverFreeBytesRemaining
                0x20019ba0        0x4 ./Middlewares/Third_Party/FreeRTOS/Source/portable/MemMang/heap_4.o
 .bss.xBlockAllocatedBit
                0x20019ba4        0x4 ./Middlewares/Third_Party/FreeRTOS/Source/portable/MemMang/heap_4.o
 .bss.__sf      0x20019ba8      0x138 C:/ST/STM32CubeIDE_1.15.1/STM32CubeIDE/plugins/com.st.stm32cube.ide.mcu.externaltools.gnu-tools-for-stm32.12.3.rel1.win32_1.0.200.202406191623/tools/bin/../lib/gcc/arm-none-eabi/12.3.1/../../../../arm-none-eabi/lib/thumb/v7e-m+fp/hard\libc_nano.a(libc_a-findfp.o)
                0x20019ba8                __sf
 .bss.__stdio_exit_handler
                0x20019ce0        0x4 C:/ST/STM32CubeIDE_1.15.1/STM32CubeIDE/plugins/com.st.stm32cube.ide.mcu.externaltools.gnu-tools-for-stm32.12.3.rel1.win32_1.0.200.202406191623/tools/bin/../lib/gcc/arm-none-eabi/12.3.1/../../../../arm-none-eabi/lib/thumb/v7e-m+fp/hard\libc_nano.a(libc_a-findfp.o)
                0x20019ce0                __stdio_exit_handler
 .bss.errno     0x20019ce4        0x4 C:/ST/STM32CubeIDE_1.15.1/STM32CubeIDE/plugins/com.st.stm32cube.ide.mcu.externaltools.gnu-tools-for-stm32.12.3.rel1.win32_1.0.200.202406191623/tools/bin/../lib/gcc/arm-none-eabi/12.3.1/../../../../arm-none-eabi/lib/thumb/v7e-m+fp/hard\libc_nano.a(libc_a-reent.o)
                0x20019ce4                errno
 .bss.__lock___malloc_recursive_mutex
                0x20019ce8        0x1 C:/ST/STM32CubeIDE_1.15.1/STM32CubeIDE/plugins/com.st.stm32cube.ide.mcu.externaltools.gnu-tools-for-stm32.12.3.rel1.win32_1.0.200.202406191623/tools/bin/../lib/gcc/arm-none-eabi/12.3.1/../../../../arm-none-eabi/lib/thumb/v7e-m+fp/hard\libc_nano.a(libc_a-lock.o)
                0x20019ce8                __lock___malloc_recursive_mutex
 .bss.__lock___sfp_recursive_mutex
                0x20019ce9        0x1 C:/ST/STM32CubeIDE_1.15.1/STM32CubeIDE/plugins/com.st.stm32cube.ide.mcu.externaltools.gnu-tools-for-stm32.12.3.rel1.win32_1.0.200.202406191623/tools/bin/../lib/gcc/arm-none-eabi/12.3.1/../../../../arm-none-eabi/lib/thumb/v7e-m+fp/hard\libc_nano.a(libc_a-lock.o)
                0x20019ce9                __lock___sfp_recursive_mutex
 *fill*         0x20019cea        0x2 
 .bss.__malloc_sbrk_start
                0x20019cec        0x4 C:/ST/STM32CubeIDE_1.15.1/STM32CubeIDE/plugins/com.st.stm32cube.ide.mcu.externaltools.gnu-tools-for-stm32.12.3.rel1.win32_1.0.200.202406191623/tools/bin/../lib/gcc/arm-none-eabi/12.3.1/../../../../arm-none-eabi/lib/thumb/v7e-m+fp/hard\libc_nano.a(libc_a-mallocr.o)
                0x20019cec                __malloc_sbrk_start
 .bss.__malloc_free_list
                0x20019cf0        0x4 C:/ST/STM32CubeIDE_1.15.1/STM32CubeIDE/plugins/com.st.stm32cube.ide.mcu.externaltools.gnu-tools-for-stm32.12.3.rel1.win32_1.0.200.202406191623/tools/bin/../lib/gcc/arm-none-eabi/12.3.1/../../../../arm-none-eabi/lib/thumb/v7e-m+fp/hard\libc_nano.a(libc_a-mallocr.o)
                0x20019cf0                __malloc_free_list
 *(COMMON)
                0x20019cf4                        . = ALIGN (0x4)
                0x20019cf4                        _ebss = .
                0x20019cf4                        __bss_end__ = _ebss

._user_heap_stack
                0x20019cf4      0x604 load address 0x0800ad90
                0x20019cf8                        . = ALIGN (0x8)
 *fill*         0x20019cf4        0x4 
                [!provide]                        PROVIDE (end = .)
                0x20019cf8                        PROVIDE (_end = .)
                0x20019ef8                        . = (. + _Min_Heap_Size)
 *fill*         0x20019cf8      0x200 
                0x2001a2f8                        . = (. + _Min_Stack_Size)
 *fill*         0x20019ef8      0x400 
                0x2001a2f8                        . = ALIGN (0x8)

/DISCARD/
 libc.a(*)
 libm.a(*)
 libgcc.a(*)

.ARM.attributes
                0x00000000       0x30
 *(.ARM.attributes)
 .ARM.attributes
                0x00000000       0x22 C:/ST/STM32CubeIDE_1.15.1/STM32CubeIDE/plugins/com.st.stm32cube.ide.mcu.externaltools.gnu-tools-for-stm32.12.3.rel1.win32_1.0.200.202406191623/tools/bin/../lib/gcc/arm-none-eabi/12.3.1/thumb/v7e-m+fp/hard/crti.o
 .ARM.attributes
                0x00000022       0x34 C:/ST/STM32CubeIDE_1.15.1/STM32CubeIDE/plugins/com.st.stm32cube.ide.mcu.externaltools.gnu-tools-for-stm32.12.3.rel1.win32_1.0.200.202406191623/tools/bin/../lib/gcc/arm-none-eabi/12.3.1/thumb/v7e-m+fp/hard/crtbegin.o
 .ARM.attributes
                0x00000056       0x34 ./Application/Src/dispatcher.o
 .ARM.attributes
                0x0000008a       0x34 ./Application/Src/task_handling.o
 .ARM.attributes
                0x000000be       0x34 ./Core/Src/main.o
 .ARM.attributes
                0x000000f2       0x34 ./Core/Src/stm32f7xx_hal_msp.o
 .ARM.attributes
                0x00000126       0x34 ./Core/Src/stm32f7xx_hal_timebase_tim.o
 .ARM.attributes
                0x0000015a       0x34 ./Core/Src/stm32f7xx_it.o
 .ARM.attributes
                0x0000018e       0x34 ./Core/Src/syscalls.o
 .ARM.attributes
                0x000001c2       0x34 ./Core/Src/sysmem.o
 .ARM.attributes
                0x000001f6       0x34 ./Core/Src/system_stm32f7xx.o
 .ARM.attributes
                0x0000022a       0x21 ./Core/Startup/startup_stm32f746zgtx.o
 .ARM.attributes
                0x0000024b       0x34 ./Drivers/STM32F7xx_HAL_Driver/Src/stm32f7xx_hal.o
 .ARM.attributes
                0x0000027f       0x34 ./Drivers/STM32F7xx_HAL_Driver/Src/stm32f7xx_hal_cortex.o
 .ARM.attributes
                0x000002b3       0x34 ./Drivers/STM32F7xx_HAL_Driver/Src/stm32f7xx_hal_gpio.o
 .ARM.attributes
                0x000002e7       0x34 ./Drivers/STM32F7xx_HAL_Driver/Src/stm32f7xx_hal_pcd.o
 .ARM.attributes
                0x0000031b       0x34 ./Drivers/STM32F7xx_HAL_Driver/Src/stm32f7xx_hal_pcd_ex.o
 .ARM.attributes
                0x0000034f       0x34 ./Drivers/STM32F7xx_HAL_Driver/Src/stm32f7xx_hal_pwr_ex.o
 .ARM.attributes
                0x00000383       0x34 ./Drivers/STM32F7xx_HAL_Driver/Src/stm32f7xx_hal_rcc.o
 .ARM.attributes
                0x000003b7       0x34 ./Drivers/STM32F7xx_HAL_Driver/Src/stm32f7xx_hal_rcc_ex.o
 .ARM.attributes
                0x000003eb       0x34 ./Drivers/STM32F7xx_HAL_Driver/Src/stm32f7xx_hal_rng.o
 .ARM.attributes
                0x0000041f       0x34 ./Drivers/STM32F7xx_HAL_Driver/Src/stm32f7xx_hal_tim.o
 .ARM.attributes
                0x00000453       0x34 ./Drivers/STM32F7xx_HAL_Driver/Src/stm32f7xx_hal_tim_ex.o
 .ARM.attributes
                0x00000487       0x34 ./Drivers/STM32F7xx_HAL_Driver/Src/stm32f7xx_hal_uart.o
 .ARM.attributes
                0x000004bb       0x34 ./Drivers/STM32F7xx_HAL_Driver/Src/stm32f7xx_ll_usb.o
 .ARM.attributes
                0x000004ef       0x34 ./Middlewares/Third_Party/FreeRTOS/Source/CMSIS_RTOS_V2/cmsis_os2.o
 .ARM.attributes
                0x00000523       0x34 ./Middlewares/Third_Party/FreeRTOS/Source/list.o
 .ARM.attributes
                0x00000557       0x34 ./Middlewares/Third_Party/FreeRTOS/Source/queue.o
 .ARM.attributes
                0x0000058b       0x34 ./Middlewares/Third_Party/FreeRTOS/Source/tasks.o
 .ARM.attributes
                0x000005bf       0x34 ./Middlewares/Third_Party/FreeRTOS/Source/timers.o
 .ARM.attributes
                0x000005f3       0x34 ./Middlewares/Third_Party/FreeRTOS/Source/portable/GCC/ARM_CM7/r0p1/port.o
 .ARM.attributes
                0x00000627       0x34 ./Middlewares/Third_Party/FreeRTOS/Source/portable/MemMang/heap_4.o
 .ARM.attributes
                0x0000065b       0x34 C:/ST/STM32CubeIDE_1.15.1/STM32CubeIDE/plugins/com.st.stm32cube.ide.mcu.externaltools.gnu-tools-for-stm32.12.3.rel1.win32_1.0.200.202406191623/tools/bin/../lib/gcc/arm-none-eabi/12.3.1/../../../../arm-none-eabi/lib/thumb/v7e-m+fp/hard\libc_nano.a(libc_a-fflush.o)
 .ARM.attributes
                0x0000068f       0x34 C:/ST/STM32CubeIDE_1.15.1/STM32CubeIDE/plugins/com.st.stm32cube.ide.mcu.externaltools.gnu-tools-for-stm32.12.3.rel1.win32_1.0.200.202406191623/tools/bin/../lib/gcc/arm-none-eabi/12.3.1/../../../../arm-none-eabi/lib/thumb/v7e-m+fp/hard\libc_nano.a(libc_a-findfp.o)
 .ARM.attributes
                0x000006c3       0x34 C:/ST/STM32CubeIDE_1.15.1/STM32CubeIDE/plugins/com.st.stm32cube.ide.mcu.externaltools.gnu-tools-for-stm32.12.3.rel1.win32_1.0.200.202406191623/tools/bin/../lib/gcc/arm-none-eabi/12.3.1/../../../../arm-none-eabi/lib/thumb/v7e-m+fp/hard\libc_nano.a(libc_a-fwalk.o)
 .ARM.attributes
                0x000006f7       0x34 C:/ST/STM32CubeIDE_1.15.1/STM32CubeIDE/plugins/com.st.stm32cube.ide.mcu.externaltools.gnu-tools-for-stm32.12.3.rel1.win32_1.0.200.202406191623/tools/bin/../lib/gcc/arm-none-eabi/12.3.1/../../../../arm-none-eabi/lib/thumb/v7e-m+fp/hard\libc_nano.a(libc_a-printf.o)
 .ARM.attributes
                0x0000072b       0x34 C:/ST/STM32CubeIDE_1.15.1/STM32CubeIDE/plugins/com.st.stm32cube.ide.mcu.externaltools.gnu-tools-for-stm32.12.3.rel1.win32_1.0.200.202406191623/tools/bin/../lib/gcc/arm-none-eabi/12.3.1/../../../../arm-none-eabi/lib/thumb/v7e-m+fp/hard\libc_nano.a(libc_a-puts.o)
 .ARM.attributes