../Middlewares/Third_Party/lvgl/examples/get_started/../../src/core/../display/lv_display.h:392:26:lv_screen_active	8	static
../Middlewares/Third_Party/lvgl/examples/get_started/../../src/core/lv_obj_pos.h:184:20:lv_obj_center	16	static
../Middlewares/Third_Party/lvgl/examples/get_started/../../src/widgets/slider/lv_slider.h:123:23:lv_slider_get_value	16	static
../Middlewares/Third_Party/lvgl/examples/get_started/lv_example_get_started_4.c:6:13:slider_event_cb	40	static
../Middlewares/Third_Party/lvgl/examples/get_started/lv_example_get_started_4.c:18:6:lv_example_get_started_4	24	static
