../Middlewares/Third_Party/lvgl/examples/widgets/image/../../../src/misc/lv_anim.h:197:20:lv_anim_set_var	16	static
../Middlewares/Third_Party/lvgl/examples/widgets/image/../../../src/misc/lv_anim.h:209:20:lv_anim_set_exec_cb	16	static
../Middlewares/Third_Party/lvgl/examples/widgets/image/../../../src/misc/lv_anim.h:219:20:lv_anim_set_duration	16	static
../Middlewares/Third_Party/lvgl/examples/widgets/image/../../../src/misc/lv_anim.h:248:20:lv_anim_set_values	24	static
../Middlewares/Third_Party/lvgl/examples/widgets/image/../../../src/misc/lv_anim.h:324:20:lv_anim_set_playback_duration	16	static
../Middlewares/Third_Party/lvgl/examples/widgets/image/../../../src/misc/lv_anim.h:352:20:lv_anim_set_repeat_count	16	static
../Middlewares/Third_Party/lvgl/examples/widgets/image/../../../src/core/../display/lv_display.h:392:26:lv_screen_active	8	static
../Middlewares/Third_Party/lvgl/examples/widgets/image/lv_example_image_3.c:4:13:set_angle	16	static
../Middlewares/Third_Party/lvgl/examples/widgets/image/lv_example_image_3.c:9:13:set_scale	16	static
../Middlewares/Third_Party/lvgl/examples/widgets/image/lv_example_image_3.c:17:6:lv_example_image_3	104	static
