../Middlewares/Third_Party/lvgl/examples/widgets/chart/../../../src/core/../display/lv_display.h:392:26:lv_screen_active	8	static
../Middlewares/Third_Party/lvgl/examples/widgets/chart/../../../src/core/lv_obj_pos.h:184:20:lv_obj_center	16	static
../Middlewares/Third_Party/lvgl/examples/widgets/chart/../../../src/core/lv_obj_style.h:287:20:lv_obj_set_style_size	24	static
../Middlewares/Third_Party/lvgl/examples/widgets/chart/lv_example_chart_8.c:4:13:add_data	32	static
../Middlewares/Third_Party/lvgl/examples/widgets/chart/lv_example_chart_8.c:25:6:lv_example_chart_8	24	static
