../Middlewares/Third_Party/lvgl/examples/widgets/chart/../../../src/core/../misc/../font/../draw/../misc/lv_color_op.h:49:48:lv_color_mix	32	static
../Middlewares/Third_Party/lvgl/examples/widgets/chart/../../../src/core/../display/lv_display.h:392:26:lv_screen_active	8	static
../Middlewares/Third_Party/lvgl/examples/widgets/chart/lv_example_chart_7.c:4:13:draw_event_cb	80	static
../Middlewares/Third_Party/lvgl/examples/widgets/chart/lv_example_chart_7.c:32:13:add_data	32	static
../Middlewares/Third_Party/lvgl/examples/widgets/chart/lv_example_chart_7.c:42:6:lv_example_chart_7	32	static
