../Middlewares/Third_Party/lvgl/src/core/../misc/../font/../draw/../misc/lv_color.h:237:24:lv_color_to_int	24	static
../Middlewares/Third_Party/lvgl/src/core/../misc/../font/../draw/../misc/lv_color.h:249:20:lv_color_eq	24	static
../Middlewares/Third_Party/lvgl/src/core/../misc/../font/../draw/../misc/lv_color_op.h:49:48:lv_color_mix	32	static
../Middlewares/Third_Party/lvgl/src/core/../misc/../font/../draw/../stdlib/lv_string.h:65:20:lv_memzero	16	static
../Middlewares/Third_Party/lvgl/src/core/../misc/lv_ll.h:85:20:_lv_ll_clear	16	static
../Middlewares/Third_Party/lvgl/src/core/../misc/lv_anim.h:197:20:lv_anim_set_var	16	static
../Middlewares/Third_Party/lvgl/src/core/../misc/lv_anim.h:209:20:lv_anim_set_exec_cb	16	static
../Middlewares/Third_Party/lvgl/src/core/../misc/lv_anim.h:219:20:lv_anim_set_duration	16	static
../Middlewares/Third_Party/lvgl/src/core/../misc/lv_anim.h:237:20:lv_anim_set_delay	16	static
../Middlewares/Third_Party/lvgl/src/core/../misc/lv_anim.h:248:20:lv_anim_set_values	24	static
../Middlewares/Third_Party/lvgl/src/core/../misc/lv_anim.h:273:20:lv_anim_set_path_cb	16	static
../Middlewares/Third_Party/lvgl/src/core/../misc/lv_anim.h:283:20:lv_anim_set_start_cb	16	static
../Middlewares/Third_Party/lvgl/src/core/../misc/lv_anim.h:304:20:lv_anim_set_completed_cb	16	static
../Middlewares/Third_Party/lvgl/src/core/../misc/lv_anim.h:373:20:lv_anim_set_early_apply	16	static
../Middlewares/Third_Party/lvgl/src/core/../misc/lv_anim.h:383:20:lv_anim_set_user_data	16	static
../Middlewares/Third_Party/lvgl/src/core/../misc/lv_bidi.h:132:20:lv_bidi_calculate_align	24	static
../Middlewares/Third_Party/lvgl/src/core/../misc/lv_style.h:406:20:lv_style_is_const	16	static
../Middlewares/Third_Party/lvgl/src/core/../misc/lv_style.h:494:30:lv_style_get_prop_inlined	48	static
../Middlewares/Third_Party/lvgl/src/core/../misc/lv_style.h:534:24:_lv_style_get_prop_group	24	static
../Middlewares/Third_Party/lvgl/src/core/../misc/lv_style.h:600:20:lv_style_prop_has_flag	16	static
../Middlewares/Third_Party/lvgl/src/core/lv_obj_style.h:229:26:lv_obj_style_get_selector_state	16	static
../Middlewares/Third_Party/lvgl/src/core/lv_obj_style.h:234:25:lv_obj_style_get_selector_part	16	static
../Middlewares/Third_Party/lvgl/src/core/lv_obj_style_gen.h:16:23:lv_obj_get_style_width	24	static
../Middlewares/Third_Party/lvgl/src/core/lv_obj_style_gen.h:34:23:lv_obj_get_style_height	24	static
../Middlewares/Third_Party/lvgl/src/core/lv_obj_style_gen.h:100:23:lv_obj_get_style_transform_scale_x	24	static
../Middlewares/Third_Party/lvgl/src/core/lv_obj_style_gen.h:106:23:lv_obj_get_style_transform_scale_y	24	static
../Middlewares/Third_Party/lvgl/src/core/lv_obj_style_gen.h:112:23:lv_obj_get_style_transform_rotation	24	static
../Middlewares/Third_Party/lvgl/src/core/lv_obj_style_gen.h:130:23:lv_obj_get_style_transform_skew_x	24	static
../Middlewares/Third_Party/lvgl/src/core/lv_obj_style_gen.h:136:23:lv_obj_get_style_transform_skew_y	24	static
../Middlewares/Third_Party/lvgl/src/core/lv_obj_style_gen.h:562:31:lv_obj_get_style_text_align	24	static
../Middlewares/Third_Party/lvgl/src/core/lv_obj_style_gen.h:580:24:lv_obj_get_style_opa	24	static
../Middlewares/Third_Party/lvgl/src/core/lv_obj_style_gen.h:586:24:lv_obj_get_style_opa_layered	24	static
../Middlewares/Third_Party/lvgl/src/core/lv_obj_style_gen.h:592:45:lv_obj_get_style_color_filter_dsc	24	static
../Middlewares/Third_Party/lvgl/src/core/lv_obj_style_gen.h:598:24:lv_obj_get_style_color_filter_opa	24	static
../Middlewares/Third_Party/lvgl/src/core/lv_obj_style_gen.h:622:31:lv_obj_get_style_blend_mode	24	static
../Middlewares/Third_Party/lvgl/src/core/lv_obj_style_gen.h:634:29:lv_obj_get_style_base_dir	24	static
../Middlewares/Third_Party/lvgl/src/core/lv_obj_style.c:81:6:_lv_obj_style_init	8	static
../Middlewares/Third_Party/lvgl/src/core/lv_obj_style.c:86:6:_lv_obj_style_deinit	8	static
../Middlewares/Third_Party/lvgl/src/core/lv_obj_style.c:95:6:lv_obj_add_style	40	static
../Middlewares/Third_Party/lvgl/src/core/lv_obj_style.c:154:6:lv_obj_replace_style	48	static
../Middlewares/Third_Party/lvgl/src/core/lv_obj_style.c:200:6:lv_obj_remove_style	56	static
../Middlewares/Third_Party/lvgl/src/core/lv_obj_style.c:253:6:lv_obj_remove_style_all	16	static
../Middlewares/Third_Party/lvgl/src/core/lv_obj_style.c:258:6:lv_obj_report_style_change	24	static
../Middlewares/Third_Party/lvgl/src/core/lv_obj_style.c:272:6:lv_obj_refresh_style	40	static
../Middlewares/Third_Party/lvgl/src/core/lv_obj_style.c:323:6:lv_obj_enable_style_refresh	16	static
../Middlewares/Third_Party/lvgl/src/core/lv_obj_style.c:328:32:lv_style_prop_get_default_inlined	64	static
../Middlewares/Third_Party/lvgl/src/core/lv_obj_style.c:392:18:lv_obj_get_style_prop	40	static
../Middlewares/Third_Party/lvgl/src/core/lv_obj_style.c:406:6:lv_obj_has_style_prop	32	static
../Middlewares/Third_Party/lvgl/src/core/lv_obj_style.c:419:6:lv_obj_set_local_style_prop	32	static
../Middlewares/Third_Party/lvgl/src/core/lv_obj_style.c:442:16:lv_obj_get_local_style_prop	32	static
../Middlewares/Third_Party/lvgl/src/core/lv_obj_style.c:456:6:lv_obj_remove_local_style_prop	32	static
../Middlewares/Third_Party/lvgl/src/core/lv_obj_style.c:481:6:_lv_obj_style_create_transition	136	static
../Middlewares/Third_Party/lvgl/src/core/lv_obj_style.c:535:18:_lv_obj_style_apply_color_filter	40	static
../Middlewares/Third_Party/lvgl/src/core/lv_obj_style.c:546:23:_lv_obj_style_state_compare	40	static
../Middlewares/Third_Party/lvgl/src/core/lv_obj_style.c:607:6:lv_obj_fade_in	112	static
../Middlewares/Third_Party/lvgl/src/core/lv_obj_style.c:620:6:lv_obj_fade_out	112	static
../Middlewares/Third_Party/lvgl/src/core/lv_obj_style.c:632:17:lv_obj_calculate_style_text_align	32	static
../Middlewares/Third_Party/lvgl/src/core/lv_obj_style.c:640:10:lv_obj_get_style_opa_recursive	24	static
../Middlewares/Third_Party/lvgl/src/core/lv_obj_style.c:684:21:get_local_style	32	static
../Middlewares/Third_Party/lvgl/src/core/lv_obj_style.c:722:26:get_trans_style	32	static
../Middlewares/Third_Party/lvgl/src/core/lv_obj_style.c:749:23:get_prop_core	72	static
../Middlewares/Third_Party/lvgl/src/core/lv_obj_style.c:808:13:report_style_change_core	24	static
../Middlewares/Third_Party/lvgl/src/core/lv_obj_style.c:830:13:refresh_children_style	32	static
../Middlewares/Third_Party/lvgl/src/core/lv_obj_style.c:853:13:trans_delete	40	static
../Middlewares/Third_Party/lvgl/src/core/lv_obj_style.c:887:13:trans_anim_cb	40	static
../Middlewares/Third_Party/lvgl/src/core/lv_obj_style.c:951:13:trans_anim_start_cb	40	static
../Middlewares/Third_Party/lvgl/src/core/lv_obj_style.c:973:13:trans_anim_completed_cb	48	static
../Middlewares/Third_Party/lvgl/src/core/lv_obj_style.c:1011:24:calculate_layer_type	16	static
../Middlewares/Third_Party/lvgl/src/core/lv_obj_style.c:1023:13:full_cache_refresh	16	static
../Middlewares/Third_Party/lvgl/src/core/lv_obj_style.c:1073:13:fade_anim_cb	16	static
../Middlewares/Third_Party/lvgl/src/core/lv_obj_style.c:1078:13:fade_in_anim_completed	16	static
../Middlewares/Third_Party/lvgl/src/core/lv_obj_style.c:1083:13:style_has_flag	32	static
../Middlewares/Third_Party/lvgl/src/core/lv_obj_style.c:1106:23:get_selector_style_prop	40	static
