../Middlewares/Third_Party/lvgl/examples/layouts/flex/../../../src/misc/lv_anim.h:197:20:lv_anim_set_var	16	static
../Middlewares/Third_Party/lvgl/examples/layouts/flex/../../../src/misc/lv_anim.h:209:20:lv_anim_set_exec_cb	16	static
../Middlewares/Third_Party/lvgl/examples/layouts/flex/../../../src/misc/lv_anim.h:219:20:lv_anim_set_duration	16	static
../Middlewares/Third_Party/lvgl/examples/layouts/flex/../../../src/misc/lv_anim.h:248:20:lv_anim_set_values	24	static
../Middlewares/Third_Party/lvgl/examples/layouts/flex/../../../src/misc/lv_anim.h:324:20:lv_anim_set_playback_duration	16	static
../Middlewares/Third_Party/lvgl/examples/layouts/flex/../../../src/misc/lv_anim.h:352:20:lv_anim_set_repeat_count	16	static
../Middlewares/Third_Party/lvgl/examples/layouts/flex/../../../src/core/../display/lv_display.h:392:26:lv_screen_active	8	static
../Middlewares/Third_Party/lvgl/examples/layouts/flex/../../../src/core/lv_obj_pos.h:184:20:lv_obj_center	16	static
../Middlewares/Third_Party/lvgl/examples/layouts/flex/lv_example_flex_5.c:4:13:row_gap_anim	16	static
../Middlewares/Third_Party/lvgl/examples/layouts/flex/lv_example_flex_5.c:9:13:column_gap_anim	16	static
../Middlewares/Third_Party/lvgl/examples/layouts/flex/lv_example_flex_5.c:17:6:lv_example_flex_5	112	static
