../Middlewares/Third_Party/lvgl/examples/event/../../src/core/../misc/../font/../draw/../misc/lv_color.h:270:26:lv_color_hex	24	static
../Middlewares/Third_Party/lvgl/examples/event/../../src/core/../display/lv_display.h:392:26:lv_screen_active	8	static
../Middlewares/Third_Party/lvgl/examples/event/../../src/core/lv_obj_pos.h:184:20:lv_obj_center	16	static
../Middlewares/Third_Party/lvgl/examples/event/lv_example_event_4.c:8:13:timer_cb	16	static
../Middlewares/Third_Party/lvgl/examples/event/lv_example_event_4.c:18:13:event_cb	168	static
../Middlewares/Third_Party/lvgl/examples/event/lv_example_event_4.c:48:6:lv_example_event_4	16	static
