../Middlewares/Third_Party/lvgl/examples/widgets/imagebutton/../../../src/core/../misc/../font/../draw/../misc/lv_color.h:286:26:lv_color_make	24	static
../Middlewares/Third_Party/lvgl/examples/widgets/imagebutton/../../../src/core/../misc/../font/../draw/../misc/lv_color.h:413:26:lv_color_white	16	static
../Middlewares/Third_Party/lvgl/examples/widgets/imagebutton/../../../src/core/../misc/../font/../draw/../misc/lv_color.h:422:26:lv_color_black	16	static
../Middlewares/Third_Party/lvgl/examples/widgets/imagebutton/../../../src/core/../display/lv_display.h:392:26:lv_screen_active	8	static
../Middlewares/Third_Party/lvgl/examples/widgets/imagebutton/lv_example_imagebutton_1.c:4:6:lv_example_imagebutton_1	32	static
