../Core/Src/main.c:116:5:main	24	static,ignoring_inline_asm
../Core/Src/main.c:215:6:SystemClock_Config	88	static
../Core/Src/main.c:261:13:MX_RNG_Init	8	static
../Core/Src/main.c:287:13:MX_TIM2_Init	40	static
../Core/Src/main.c:332:13:MX_USART3_UART_Init	8	static
../Core/Src/main.c:367:13:MX_USB_OTG_FS_PCD_Init	8	static
../Core/Src/main.c:402:13:MX_GPIO_Init	56	static
../Core/Src/main.c:485:6:initTasks	120	static
../Core/Src/main.c:598:6:initQueues	8	static
../Core/Src/main.c:632:6:vHandleCall	40	static,ignoring_inline_asm
../Core/Src/main.c:669:6:HAL_RNG_ReadyDataCallback	24	static
../Core/Src/main.c:690:6:HAL_TIM_PeriodElapsedCallback	144	static,ignoring_inline_asm
../Core/Src/main.c:727:6:Error_Handler	4	static,ignoring_inline_asm
