../Core/Src/main.c:156:5:main	32	static,ignoring_inline_asm
../Core/Src/main.c:274:6:SystemClock_Config	88	static
../Core/Src/main.c:327:13:MX_RNG_Init	8	static
../Core/Src/main.c:353:13:MX_TIM2_Init	40	static
../Core/Src/main.c:398:13:MX_USART3_UART_Init	8	static
../Core/Src/main.c:433:13:MX_USB_OTG_FS_PCD_Init	8	static
../Core/Src/main.c:468:13:MX_GPIO_Init	56	static
../Core/Src/main.c:560:6:DebounceTimerCallback	32	static,ignoring_inline_asm
../Core/Src/main.c:577:6:HAL_GPIO_EXTI_Callback	32	static
../Core/Src/main.c:602:6:StartDefaultTask	16	static
../Core/Src/main.c:621:6:HAL_TIM_PeriodElapsedCallback	144	static,ignoring_inline_asm
../Core/Src/main.c:654:6:Error_Handler	8	static,ignoring_inline_asm
