../Middlewares/Third_Party/lvgl/examples/widgets/bar/../../../src/misc/lv_anim.h:197:20:lv_anim_set_var	16	static
../Middlewares/Third_Party/lvgl/examples/widgets/bar/../../../src/misc/lv_anim.h:209:20:lv_anim_set_exec_cb	16	static
../Middlewares/Third_Party/lvgl/examples/widgets/bar/../../../src/misc/lv_anim.h:219:20:lv_anim_set_duration	16	static
../Middlewares/Third_Party/lvgl/examples/widgets/bar/../../../src/misc/lv_anim.h:248:20:lv_anim_set_values	24	static
../Middlewares/Third_Party/lvgl/examples/widgets/bar/../../../src/misc/lv_anim.h:324:20:lv_anim_set_playback_duration	16	static
../Middlewares/Third_Party/lvgl/examples/widgets/bar/../../../src/misc/lv_anim.h:352:20:lv_anim_set_repeat_count	16	static
../Middlewares/Third_Party/lvgl/examples/widgets/bar/../../../src/core/../display/lv_display.h:392:26:lv_screen_active	8	static
../Middlewares/Third_Party/lvgl/examples/widgets/bar/../../../src/core/lv_obj_pos.h:184:20:lv_obj_center	16	static
../Middlewares/Third_Party/lvgl/examples/widgets/bar/lv_example_bar_3.c:4:13:set_temp	16	static
../Middlewares/Third_Party/lvgl/examples/widgets/bar/lv_example_bar_3.c:12:6:lv_example_bar_3	112	static
