../Middlewares/Third_Party/lvgl/examples/widgets/spinbox/../../../src/core/../display/lv_display.h:392:26:lv_screen_active	8	static
../Middlewares/Third_Party/lvgl/examples/widgets/spinbox/../../../src/core/lv_obj_pos.h:184:20:lv_obj_center	16	static
../Middlewares/Third_Party/lvgl/examples/widgets/spinbox/lv_example_spinbox_1.c:6:13:lv_spinbox_increment_event_cb	24	static
../Middlewares/Third_Party/lvgl/examples/widgets/spinbox/lv_example_spinbox_1.c:14:13:lv_spinbox_decrement_event_cb	24	static
../Middlewares/Third_Party/lvgl/examples/widgets/spinbox/lv_example_spinbox_1.c:22:6:lv_example_spinbox_1	24	static
