../Middlewares/Third_Party/lvgl/examples/widgets/buttonmatrix/../../../src/core/../misc/lv_style.h:558:20:lv_style_set_pad_all	16	static
../Middlewares/Third_Party/lvgl/examples/widgets/buttonmatrix/../../../src/core/../misc/lv_style.h:578:20:lv_style_set_pad_gap	16	static
../Middlewares/Third_Party/lvgl/examples/widgets/buttonmatrix/../../../src/core/../display/lv_display.h:392:26:lv_screen_active	8	static
../Middlewares/Third_Party/lvgl/examples/widgets/buttonmatrix/../../../src/core/lv_obj_pos.h:184:20:lv_obj_center	16	static
../Middlewares/Third_Party/lvgl/examples/widgets/buttonmatrix/lv_example_buttonmatrix_3.c:4:13:event_cb	32	static
../Middlewares/Third_Party/lvgl/examples/widgets/buttonmatrix/lv_example_buttonmatrix_3.c:27:6:lv_example_buttonmatrix_3	16	static
