../Middlewares/Third_Party/lvgl/examples/anim/../../src/misc/lv_math.h:81:23:lv_bezier3	32	static
../Middlewares/Third_Party/lvgl/examples/anim/../../src/misc/lv_anim.h:197:20:lv_anim_set_var	16	static
../Middlewares/Third_Party/lvgl/examples/anim/../../src/misc/lv_anim.h:209:20:lv_anim_set_exec_cb	16	static
../Middlewares/Third_Party/lvgl/examples/anim/../../src/misc/lv_anim.h:219:20:lv_anim_set_duration	16	static
../Middlewares/Third_Party/lvgl/examples/anim/../../src/misc/lv_anim.h:248:20:lv_anim_set_values	24	static
../Middlewares/Third_Party/lvgl/examples/anim/../../src/misc/lv_anim.h:273:20:lv_anim_set_path_cb	16	static
../Middlewares/Third_Party/lvgl/examples/anim/../../src/core/../display/lv_display.h:392:26:lv_screen_active	8	static
../Middlewares/Third_Party/lvgl/examples/anim/../../src/core/lv_obj_pos.h:184:20:lv_obj_center	16	static
../Middlewares/Third_Party/lvgl/examples/anim/../../src/core/lv_obj_style_gen.h:16:23:lv_obj_get_style_width	24	static
../Middlewares/Third_Party/lvgl/examples/anim/../../src/core/lv_obj_style.h:241:20:lv_obj_set_style_pad_all	24	static
../Middlewares/Third_Party/lvgl/examples/anim/../../src/core/lv_obj_style.h:287:20:lv_obj_set_style_size	24	static
../Middlewares/Third_Party/lvgl/examples/anim/../../src/widgets/slider/lv_slider.h:99:20:lv_slider_set_range	24	static
../Middlewares/Third_Party/lvgl/examples/anim/../../src/widgets/slider/lv_slider.h:123:23:lv_slider_get_value	16	static
../Middlewares/Third_Party/lvgl/examples/anim/lv_example_anim_3.c:37:6:lv_example_anim_3	24	static
../Middlewares/Third_Party/lvgl/examples/anim/lv_example_anim_3.c:65:16:anim_path_bezier3_cb	40	static
../Middlewares/Third_Party/lvgl/examples/anim/lv_example_anim_3.c:76:13:refer_chart_cubic_bezier	40	static
../Middlewares/Third_Party/lvgl/examples/anim/lv_example_anim_3.c:86:13:anim_x_cb	16	static
../Middlewares/Third_Party/lvgl/examples/anim/lv_example_anim_3.c:91:13:run_button_event_handler	24	static
../Middlewares/Third_Party/lvgl/examples/anim/lv_example_anim_3.c:99:13:slider_event_cb	40	static
../Middlewares/Third_Party/lvgl/examples/anim/lv_example_anim_3.c:120:13:page_obj_init	56	static
