../Middlewares/Third_Party/lvgl/examples/anim/../../src/misc/lv_anim.h:197:20:lv_anim_set_var	16	static
../Middlewares/Third_Party/lvgl/examples/anim/../../src/misc/lv_anim.h:209:20:lv_anim_set_exec_cb	16	static
../Middlewares/Third_Party/lvgl/examples/anim/../../src/misc/lv_anim.h:219:20:lv_anim_set_duration	16	static
../Middlewares/Third_Party/lvgl/examples/anim/../../src/misc/lv_anim.h:248:20:lv_anim_set_values	24	static
../Middlewares/Third_Party/lvgl/examples/anim/../../src/misc/lv_anim.h:273:20:lv_anim_set_path_cb	16	static
../Middlewares/Third_Party/lvgl/examples/anim/../../src/core/../display/lv_display.h:392:26:lv_screen_active	8	static
../Middlewares/Third_Party/lvgl/examples/anim/../../src/core/lv_obj_pos.h:184:20:lv_obj_center	16	static
../Middlewares/Third_Party/lvgl/examples/anim/lv_example_anim_1.c:4:13:anim_x_cb	16	static
../Middlewares/Third_Party/lvgl/examples/anim/lv_example_anim_1.c:9:13:sw_event_cb	120	static
../Middlewares/Third_Party/lvgl/examples/anim/lv_example_anim_1.c:40:6:lv_example_anim_1	16	static
