../Middlewares/Third_Party/lvgl/examples/anim/../../src/misc/lv_anim.h:197:20:lv_anim_set_var	16	static
../Middlewares/Third_Party/lvgl/examples/anim/../../src/misc/lv_anim.h:209:20:lv_anim_set_exec_cb	16	static
../Middlewares/Third_Party/lvgl/examples/anim/../../src/misc/lv_anim.h:219:20:lv_anim_set_duration	16	static
../Middlewares/Third_Party/lvgl/examples/anim/../../src/misc/lv_anim.h:248:20:lv_anim_set_values	24	static
../Middlewares/Third_Party/lvgl/examples/anim/../../src/misc/lv_anim.h:273:20:lv_anim_set_path_cb	16	static
../Middlewares/Third_Party/lvgl/examples/anim/../../src/misc/lv_anim.h:324:20:lv_anim_set_playback_duration	16	static
../Middlewares/Third_Party/lvgl/examples/anim/../../src/misc/lv_anim.h:342:20:lv_anim_set_playback_delay	16	static
../Middlewares/Third_Party/lvgl/examples/anim/../../src/misc/lv_anim.h:352:20:lv_anim_set_repeat_count	16	static
../Middlewares/Third_Party/lvgl/examples/anim/../../src/misc/lv_anim.h:362:20:lv_anim_set_repeat_delay	16	static
../Middlewares/Third_Party/lvgl/examples/anim/../../src/core/../display/lv_display.h:392:26:lv_screen_active	8	static
../Middlewares/Third_Party/lvgl/examples/anim/lv_example_anim_2.c:4:13:anim_x_cb	16	static
../Middlewares/Third_Party/lvgl/examples/anim/lv_example_anim_2.c:9:13:anim_size_cb	16	static
../Middlewares/Third_Party/lvgl/examples/anim/lv_example_anim_2.c:17:6:lv_example_anim_2	104	static
