../Middlewares/Third_Party/lvgl/examples/widgets/slider/../../../src/core/../misc/../font/../draw/../misc/lv_color.h:286:26:lv_color_make	24	static
../Middlewares/Third_Party/lvgl/examples/widgets/slider/../../../src/core/../misc/../font/../draw/../misc/lv_color.h:318:26:lv_color_hex3	24	static
../Middlewares/Third_Party/lvgl/examples/widgets/slider/../../../src/core/../misc/lv_style.h:558:20:lv_style_set_pad_all	16	static
../Middlewares/Third_Party/lvgl/examples/widgets/slider/../../../src/core/../misc/lv_style.h:572:20:lv_style_set_pad_ver	16	static
../Middlewares/Third_Party/lvgl/examples/widgets/slider/../../../src/core/../display/lv_display.h:392:26:lv_screen_active	8	static
../Middlewares/Third_Party/lvgl/examples/widgets/slider/../../../src/core/lv_obj_pos.h:184:20:lv_obj_center	16	static
../Middlewares/Third_Party/lvgl/examples/widgets/slider/lv_example_slider_2.c:7:6:lv_example_slider_2	40	static
